Archive member included to satisfy reference by file (symbol)

c:/program files (x86)/gnu tools arm embedded/6 2017-q2-update/bin/../lib/gcc/arm-none-eabi/6.3.1/../../../../arm-none-eabi/lib/thumb/v6-m\libc_nano.a(lib_a-exit.o)
                              c:/program files (x86)/gnu tools arm embedded/6 2017-q2-update/bin/../lib/gcc/arm-none-eabi/6.3.1/../../../../arm-none-eabi/lib/thumb/v6-m/crt0.o (exit)
c:/program files (x86)/gnu tools arm embedded/6 2017-q2-update/bin/../lib/gcc/arm-none-eabi/6.3.1/../../../../arm-none-eabi/lib/thumb/v6-m\libc_nano.a(lib_a-impure.o)
                              c:/program files (x86)/gnu tools arm embedded/6 2017-q2-update/bin/../lib/gcc/arm-none-eabi/6.3.1/../../../../arm-none-eabi/lib/thumb/v6-m\libc_nano.a(lib_a-exit.o) (_global_impure_ptr)
c:/program files (x86)/gnu tools arm embedded/6 2017-q2-update/bin/../lib/gcc/arm-none-eabi/6.3.1/../../../../arm-none-eabi/lib/thumb/v6-m\libc_nano.a(lib_a-init.o)
                              c:/program files (x86)/gnu tools arm embedded/6 2017-q2-update/bin/../lib/gcc/arm-none-eabi/6.3.1/../../../../arm-none-eabi/lib/thumb/v6-m/crt0.o (__libc_init_array)
c:/program files (x86)/gnu tools arm embedded/6 2017-q2-update/bin/../lib/gcc/arm-none-eabi/6.3.1/../../../../arm-none-eabi/lib/thumb/v6-m\libc_nano.a(lib_a-memset.o)
                              c:/program files (x86)/gnu tools arm embedded/6 2017-q2-update/bin/../lib/gcc/arm-none-eabi/6.3.1/../../../../arm-none-eabi/lib/thumb/v6-m/crt0.o (memset)
c:/program files (x86)/gnu tools arm embedded/6 2017-q2-update/bin/../lib/gcc/arm-none-eabi/6.3.1/../../../../arm-none-eabi/lib/thumb/v6-m\libnosys.a(_exit.o)
                              c:/program files (x86)/gnu tools arm embedded/6 2017-q2-update/bin/../lib/gcc/arm-none-eabi/6.3.1/../../../../arm-none-eabi/lib/thumb/v6-m\libc_nano.a(lib_a-exit.o) (_exit)
c:/program files (x86)/gnu tools arm embedded/6 2017-q2-update/bin/../lib/gcc/arm-none-eabi/6.3.1/thumb/v6-m\libgcc.a(_thumb1_case_uqi.o)
                              _build/nrf51822_xxac_nrf_log_backend_serial.c.o (__gnu_thumb1_case_uqi)
c:/program files (x86)/gnu tools arm embedded/6 2017-q2-update/bin/../lib/gcc/arm-none-eabi/6.3.1/thumb/v6-m\libgcc.a(_thumb1_case_shi.o)
                              _build/nrf51822_xxac_nrf_log_backend_serial.c.o (__gnu_thumb1_case_shi)
c:/program files (x86)/gnu tools arm embedded/6 2017-q2-update/bin/../lib/gcc/arm-none-eabi/6.3.1/thumb/v6-m\libgcc.a(_udivsi3.o)
                              _build/nrf51822_xxac_bsp.c.o (__aeabi_uidiv)
c:/program files (x86)/gnu tools arm embedded/6 2017-q2-update/bin/../lib/gcc/arm-none-eabi/6.3.1/thumb/v6-m\libgcc.a(_divsi3.o)
                              _build/nrf51822_xxac_ble_advertising.c.o (__aeabi_idivmod)
c:/program files (x86)/gnu tools arm embedded/6 2017-q2-update/bin/../lib/gcc/arm-none-eabi/6.3.1/thumb/v6-m\libgcc.a(_dvmd_tls.o)
                              c:/program files (x86)/gnu tools arm embedded/6 2017-q2-update/bin/../lib/gcc/arm-none-eabi/6.3.1/thumb/v6-m\libgcc.a(_udivsi3.o) (__aeabi_idiv0)
c:/program files (x86)/gnu tools arm embedded/6 2017-q2-update/bin/../lib/gcc/arm-none-eabi/6.3.1/thumb/v6-m\libgcc.a(_arm_cmpsf2.o)
                              _build/nrf51822_xxac_LIS2DH12_ACC_driver_HL.c.o (__aeabi_fcmple)
c:/program files (x86)/gnu tools arm embedded/6 2017-q2-update/bin/../lib/gcc/arm-none-eabi/6.3.1/thumb/v6-m\libgcc.a(eqsf2.o)
                              c:/program files (x86)/gnu tools arm embedded/6 2017-q2-update/bin/../lib/gcc/arm-none-eabi/6.3.1/thumb/v6-m\libgcc.a(_arm_cmpsf2.o) (__eqsf2)
c:/program files (x86)/gnu tools arm embedded/6 2017-q2-update/bin/../lib/gcc/arm-none-eabi/6.3.1/thumb/v6-m\libgcc.a(gesf2.o)
                              c:/program files (x86)/gnu tools arm embedded/6 2017-q2-update/bin/../lib/gcc/arm-none-eabi/6.3.1/thumb/v6-m\libgcc.a(_arm_cmpsf2.o) (__gesf2)
c:/program files (x86)/gnu tools arm embedded/6 2017-q2-update/bin/../lib/gcc/arm-none-eabi/6.3.1/thumb/v6-m\libgcc.a(lesf2.o)
                              c:/program files (x86)/gnu tools arm embedded/6 2017-q2-update/bin/../lib/gcc/arm-none-eabi/6.3.1/thumb/v6-m\libgcc.a(_arm_cmpsf2.o) (__lesf2)
c:/program files (x86)/gnu tools arm embedded/6 2017-q2-update/bin/../lib/gcc/arm-none-eabi/6.3.1/thumb/v6-m\libgcc.a(mulsf3.o)
                              _build/nrf51822_xxac_LIS2DH12_ACC_driver_HL.c.o (__aeabi_fmul)
c:/program files (x86)/gnu tools arm embedded/6 2017-q2-update/bin/../lib/gcc/arm-none-eabi/6.3.1/thumb/v6-m\libgcc.a(fixsfsi.o)
                              _build/nrf51822_xxac_LIS2DH12_ACC_driver_HL.c.o (__aeabi_f2iz)
c:/program files (x86)/gnu tools arm embedded/6 2017-q2-update/bin/../lib/gcc/arm-none-eabi/6.3.1/thumb/v6-m\libgcc.a(floatsisf.o)
                              _build/nrf51822_xxac_LIS2DH12_ACC_driver_HL.c.o (__aeabi_i2f)
[...]
Memory Configuration

Name             Origin             Length             Attributes
FLASH            0x0001b000         0x00025000         xr
RAM              0x20001fe8         0x00002018         xrw
*default*        0x00000000         0xffffffff

Linker script and memory map


.text           0x0001b000     0x5de0
 *(.isr_vector)
 .isr_vector    0x0001b000       0xc0 _build/nrf51822_xxac_gcc_startup_nrf51.S.o
                0x0001b000                __isr_vector
 *(.text*)
 .text          0x0001b0c0       0x60 c:/program files (x86)/gnu tools arm embedded/6 2017-q2-update/bin/../lib/gcc/arm-none-eabi/6.3.1/thumb/v6-m/crtbegin.o
 .text          0x0001b120       0x78 c:/program files (x86)/gnu tools arm embedded/6 2017-q2-update/bin/../lib/gcc/arm-none-eabi/6.3.1/../../../../arm-none-eabi/lib/thumb/v6-m/crt0.o
                0x0001b120                _start
                0x0001b120                _mainCRTStartup
 .text.exit     0x0001b198       0x2c c:/program files (x86)/gnu tools arm embedded/6 2017-q2-update/bin/../lib/gcc/arm-none-eabi/6.3.1/../../../../arm-none-eabi/lib/thumb/v6-m\libc_nano.a(lib_a-exit.o)
                0x0001b198                exit
 .text.__libc_init_array
                0x0001b1c4       0x48 c:/program files (x86)/gnu tools arm embedded/6 2017-q2-update/bin/../lib/gcc/arm-none-eabi/6.3.1/../../../../arm-none-eabi/lib/thumb/v6-m\libc_nano.a(lib_a-init.o)
                0x0001b1c4                __libc_init_array
 .text.memset   0x0001b20c       0x10 c:/program files (x86)/gnu tools arm embedded/6 2017-q2-update/bin/../lib/gcc/arm-none-eabi/6.3.1/../../../../arm-none-eabi/lib/thumb/v6-m\libc_nano.a(lib_a-memset.o)
                0x0001b20c                memset
 .text._exit    0x0001b21c        0x4 c:/program files (x86)/gnu tools arm embedded/6 2017-q2-update/bin/../lib/gcc/arm-none-eabi/6.3.1/../../../../arm-none-eabi/lib/thumb/v6-m\libnosys.a(_exit.o)
                0x0001b21c                _exit
 .text.uart_event_handler
                0x0001b220       0x10 _build/nrf51822_xxac_nrf_log_backend_serial.c.o
 .text.nrf_log_backend_serial_hexdump_handler
                0x0001b230      0x168 _build/nrf51822_xxac_nrf_log_backend_serial.c.o
 .text.nrf_log_backend_serial_std_handler
                0x0001b398      0x184 _build/nrf51822_xxac_nrf_log_backend_serial.c.o
 .text.nrf_log_backend_init
                0x0001b51c       0x74 _build/nrf51822_xxac_nrf_log_backend_serial.c.o
                0x0001b51c                nrf_log_backend_init
 .text.nrf_log_backend_std_handler_get
                0x0001b590        0x8 _build/nrf51822_xxac_nrf_log_backend_serial.c.o
                0x0001b590                nrf_log_backend_std_handler_get
 .text.nrf_log_backend_hexdump_handler_get
                0x0001b598        0x8 _build/nrf51822_xxac_nrf_log_backend_serial.c.o
                0x0001b598                nrf_log_backend_hexdump_handler_get
 .text.buf_prealloc
                0x0001b5a0       0x64 _build/nrf51822_xxac_nrf_log_frontend.c.o
 .text.nrf_log_blocking_backend_set
                0x0001b604        0xa _build/nrf51822_xxac_nrf_log_frontend.c.o
                0x0001b604                nrf_log_blocking_backend_set
 *fill*         0x0001b60e        0x2 
 .text.nrf_log_frontend_init
                0x0001b610       0x20 _build/nrf51822_xxac_nrf_log_frontend.c.o
                0x0001b610                nrf_log_frontend_init
 .text.nrf_log_init
                0x0001b630       0x26 _build/nrf51822_xxac_nrf_log_frontend.c.o
                0x0001b630                nrf_log_init
 *fill*         0x0001b656        0x2 
 .text.nrf_log_frontend_std_0
                0x0001b658       0x38 _build/nrf51822_xxac_nrf_log_frontend.c.o
                0x0001b658                nrf_log_frontend_std_0
 .text.nrf_log_frontend_std_1
                0x0001b690       0x4c _build/nrf51822_xxac_nrf_log_frontend.c.o
                0x0001b690                nrf_log_frontend_std_1
 .text.nrf_log_frontend_std_2
                0x0001b6dc       0x5c _build/nrf51822_xxac_nrf_log_frontend.c.o
                0x0001b6dc                nrf_log_frontend_std_2
 .text.nrf_log_frontend_std_3
                0x0001b738       0x6c _build/nrf51822_xxac_nrf_log_frontend.c.o
                0x0001b738                nrf_log_frontend_std_3
 .text.nrf_log_frontend_std_4
                0x0001b7a4       0x7c _build/nrf51822_xxac_nrf_log_frontend.c.o
                0x0001b7a4                nrf_log_frontend_std_4
 .text.buffer_is_empty
                0x0001b820       0x14 _build/nrf51822_xxac_nrf_log_frontend.c.o
                0x0001b820                buffer_is_empty
 .text.nrf_log_frontend_dequeue
                0x0001b834      0x174 _build/nrf51822_xxac_nrf_log_frontend.c.o
                0x0001b834                nrf_log_frontend_dequeue
 .text.app_error_handler_bare
                0x0001b9a8       0x1c _build/nrf51822_xxac_app_error.c.o
                0x0001b9a8                app_error_handler_bare
 .text.app_error_fault_handler
                0x0001b9c4       0x34 _build/nrf51822_xxac_app_error_weak.c.o
                0x0001b9c4                app_error_fault_handler
 .text.user_op_alloc
                0x0001b9f8       0x2c _build/nrf51822_xxac_app_timer.c.o
 .text.timer_stop_op_schedule
                0x0001ba24       0x58 _build/nrf51822_xxac_app_timer.c.o
 .text.nrf_delay_us.part.1.constprop.6
                0x0001ba7c       0x2c _build/nrf51822_xxac_app_timer.c.o
 .text.rtc1_stop
                0x0001baa8       0x44 _build/nrf51822_xxac_app_timer.c.o
 .text.RTC1_IRQHandler
                0x0001baec       0xbc _build/nrf51822_xxac_app_timer.c.o
                0x0001baec                RTC1_IRQHandler
 .text.SWI0_IRQHandler
                0x0001bba8      0x388 _build/nrf51822_xxac_app_timer.c.o
                0x0001bba8                SWI0_IRQHandler
 .text.app_timer_init
                0x0001bf30       0xa4 _build/nrf51822_xxac_app_timer.c.o
                0x0001bf30                app_timer_init
 .text.app_timer_create
                0x0001bfd4       0x30 _build/nrf51822_xxac_app_timer.c.o
                0x0001bfd4                app_timer_create
 .text.app_timer_start
                0x0001c004       0x98 _build/nrf51822_xxac_app_timer.c.o
                0x0001c004                app_timer_start
 .text.app_timer_stop
                0x0001c09c       0x2c _build/nrf51822_xxac_app_timer.c.o
                0x0001c09c                app_timer_stop
 .text.app_util_critical_region_enter
                0x0001c0c8       0x3c _build/nrf51822_xxac_app_util_platform.c.o
                0x0001c0c8                app_util_critical_region_enter
 .text.app_util_critical_region_exit
                0x0001c104       0x2c _build/nrf51822_xxac_app_util_platform.c.o
                0x0001c104                app_util_critical_region_exit
 .text.sdk_mapped_flags_first_key_index_get
                0x0001c130       0x20 _build/nrf51822_xxac_sdk_mapped_flags.c.o
                0x0001c130                sdk_mapped_flags_first_key_index_get
 .text.sdk_mapped_flags_bulk_update_by_key
                0x0001c150       0x48 _build/nrf51822_xxac_sdk_mapped_flags.c.o
                0x0001c150                sdk_mapped_flags_bulk_update_by_key
 .text.sdk_mapped_flags_update_by_key
                0x0001c198        0xe _build/nrf51822_xxac_sdk_mapped_flags.c.o
                0x0001c198                sdk_mapped_flags_update_by_key
 .text.sdk_mapped_flags_key_list_get
                0x0001c1a6       0x2a _build/nrf51822_xxac_sdk_mapped_flags.c.o
                0x0001c1a6                sdk_mapped_flags_key_list_get
 .text.bsp_board_led_state_get
                0x0001c1d0       0x14 _build/nrf51822_xxac_boards.c.o
                0x0001c1d0                bsp_board_led_state_get
 .text.bsp_board_led_on
                0x0001c1e4        0xe _build/nrf51822_xxac_boards.c.o
                0x0001c1e4                bsp_board_led_on
 *fill*         0x0001c1f2        0x2 
 .text.bsp_board_led_off
                0x0001c1f4       0x10 _build/nrf51822_xxac_boards.c.o
                0x0001c1f4                bsp_board_led_off
 .text.bsp_board_leds_off
                0x0001c204       0x10 _build/nrf51822_xxac_boards.c.o
                0x0001c204                bsp_board_leds_off
 .text.bsp_board_leds_on
                0x0001c214        0xe _build/nrf51822_xxac_boards.c.o
                0x0001c214                bsp_board_leds_on
 *fill*         0x0001c222        0x2 
 .text.bsp_board_led_invert
                0x0001c224       0x28 _build/nrf51822_xxac_boards.c.o
                0x0001c224                bsp_board_led_invert
 .text.bsp_board_leds_init
                0x0001c24c       0x18 _build/nrf51822_xxac_boards.c.o
                0x0001c24c                bsp_board_leds_init
 .text.clock_clk_started_notify
                0x0001c264       0x2c _build/nrf51822_xxac_nrf_drv_clock.c.o
 .text.nrf_drv_clock_init
                0x0001c290       0x48 _build/nrf51822_xxac_nrf_drv_clock.c.o
                0x0001c290                nrf_drv_clock_init
 .text.POWER_CLOCK_IRQHandler
                0x0001c2d8       0x54 _build/nrf51822_xxac_nrf_drv_clock.c.o
                0x0001c2d8                POWER_CLOCK_IRQHandler
 .text.nrf_drv_clock_on_soc_event
                0x0001c32c        0xc _build/nrf51822_xxac_nrf_drv_clock.c.o
                0x0001c32c                nrf_drv_clock_on_soc_event
 .text.nrf_drv_clock_on_sd_enable
                0x0001c338       0x34 _build/nrf51822_xxac_nrf_drv_clock.c.o
                0x0001c338                nrf_drv_clock_on_sd_enable
 .text.nrf_drv_common_irq_enable
                0x0001c36c       0x74 _build/nrf51822_xxac_nrf_drv_common.c.o
                0x0001c36c                nrf_drv_common_irq_enable
 .text.nrf_gpio_cfg_sense_set
                0x0001c3e0       0x24 _build/nrf51822_xxac_nrf_drv_gpiote.c.o
 .text.GPIOTE_IRQHandler
                0x0001c404      0x160 _build/nrf51822_xxac_nrf_drv_gpiote.c.o
                0x0001c404                GPIOTE_IRQHandler
 .text.transfer_byte
                0x0001c564       0x58 _build/nrf51822_xxac_nrf_drv_spi.c.o
 .text.nrf_drv_spi_init
                0x0001c5bc      0x13c _build/nrf51822_xxac_nrf_drv_spi.c.o
                0x0001c5bc                nrf_drv_spi_init
 .text.nrf_drv_spi_xfer
                0x0001c6f8      0x108 _build/nrf51822_xxac_nrf_drv_spi.c.o
                0x0001c6f8                nrf_drv_spi_xfer
 .text.nrf_drv_spi_transfer
                0x0001c800       0x1c _build/nrf51822_xxac_nrf_drv_spi.c.o
                0x0001c800                nrf_drv_spi_transfer
 .text.SPI0_TWI0_IRQHandler
                0x0001c81c       0x44 _build/nrf51822_xxac_nrf_drv_spi.c.o
                0x0001c81c                SPI0_TWI0_IRQHandler
 .text.rx_done_event.constprop.11
                0x0001c860       0x1c _build/nrf51822_xxac_nrf_drv_uart.c.o
 .text.nrf_drv_uart_init
                0x0001c87c      0x128 _build/nrf51822_xxac_nrf_drv_uart.c.o
                0x0001c87c                nrf_drv_uart_init
 .text.nrf_drv_uart_uninit
                0x0001c9a4       0xe4 _build/nrf51822_xxac_nrf_drv_uart.c.o
                0x0001c9a4                nrf_drv_uart_uninit
 .text.nrf_drv_uart_tx
                0x0001ca88       0xe0 _build/nrf51822_xxac_nrf_drv_uart.c.o
                0x0001ca88                nrf_drv_uart_tx
 .text.nrf_drv_uart_tx_in_progress
                0x0001cb68       0x18 _build/nrf51822_xxac_nrf_drv_uart.c.o
                0x0001cb68                nrf_drv_uart_tx_in_progress
 .text.UART0_IRQHandler
                0x0001cb80      0x14c _build/nrf51822_xxac_nrf_drv_uart.c.o
                0x0001cb80                UART0_IRQHandler
 .text.bsp_led_indication
                0x0001cccc      0x1d8 _build/nrf51822_xxac_bsp.c.o
 .text.bsp_indication_set
                0x0001cea4       0x1c _build/nrf51822_xxac_bsp.c.o
                0x0001cea4                bsp_indication_set
 .text.bsp_event_to_button_action_assign
                0x0001cec0       0x50 _build/nrf51822_xxac_bsp.c.o
                0x0001cec0                bsp_event_to_button_action_assign
 .text.advertising_buttons_configure
                0x0001cf10       0x3c _build/nrf51822_xxac_bsp_btn_ble.c.o
 .text.bsp_btn_ble_on_ble_evt
                0x0001cf4c       0x88 _build/nrf51822_xxac_bsp_btn_ble.c.o
                0x0001cf4c                bsp_btn_ble_on_ble_evt
 .text.fs_queued_op_count_get
                0x0001cfd4       0x18 _build/nrf51822_xxac_fstorage.c.o
                0x0001cfd4                fs_queued_op_count_get
 .text.sd_app_evt_wait
                0x0001cfec        0x4 _build/nrf51822_xxac_main.c.o
 .text.nrf_delay_us.constprop.0
                0x0001cff0       0x30 _build/nrf51822_xxac_main.c.o
 .text.startup.main
                0x0001d020       0x98 _build/nrf51822_xxac_main.c.o
                0x0001d020                main
 .text.accel_pulling_data_handler
                0x0001d0b8       0x94 _build/nrf51822_xxac_accelerometer_app.c.o
 .text.accelerometer_init
                0x0001d14c       0x90 _build/nrf51822_xxac_accelerometer_app.c.o
                0x0001d14c                accelerometer_init
 .text.accelerometer_enable_notification
                0x0001d1dc       0x18 _build/nrf51822_xxac_accelerometer_app.c.o
                0x0001d1dc                accelerometer_enable_notification
 .text.accelerometer_disable_notification
                0x0001d1f4       0x28 _build/nrf51822_xxac_accelerometer_app.c.o
                0x0001d1f4                accelerometer_disable_notification
 .text.sd_ble_gap_disconnect
                0x0001d21c        0x4 _build/nrf51822_xxac_ble_app.c.o
 .text.sd_ble_gap_appearance_set
                0x0001d220        0x4 _build/nrf51822_xxac_ble_app.c.o
 .text.sd_ble_gap_ppcp_set
                0x0001d224        0x4 _build/nrf51822_xxac_ble_app.c.o
 .text.sd_ble_gap_device_name_set
                0x0001d228        0x4 _build/nrf51822_xxac_ble_app.c.o
 .text.sd_ble_gatts_rw_authorize_reply
                0x0001d22c        0x4 _build/nrf51822_xxac_ble_app.c.o
 .text.sd_ble_user_mem_reply
                0x0001d230        0x4 _build/nrf51822_xxac_ble_app.c.o
 .text.gatt_evt_handler
                0x0001d234        0x2 _build/nrf51822_xxac_ble_app.c.o
 .text.conn_params_error_handler
                0x0001d236        0x8 _build/nrf51822_xxac_ble_app.c.o
 *fill*         0x0001d23e        0x2 
 .text.on_conn_params_evt
                0x0001d240       0x20 _build/nrf51822_xxac_ble_app.c.o
 .text.on_adv_evt
                0x0001d260       0x38 _build/nrf51822_xxac_ble_app.c.o
                0x0001d260                on_adv_evt
 .text.ble_stack_init
                0x0001d298       0x70 _build/nrf51822_xxac_ble_app.c.o
                0x0001d298                ble_stack_init
 .text.gap_params_init
                0x0001d308       0x78 _build/nrf51822_xxac_ble_app.c.o
                0x0001d308                gap_params_init
 .text.advertising_init
                0x0001d380       0x98 _build/nrf51822_xxac_ble_app.c.o
                0x0001d380                advertising_init
 .text.gatt_init
                0x0001d418       0x30 _build/nrf51822_xxac_ble_app.c.o
                0x0001d418                gatt_init
 .text.advertising_start
                0x0001d448       0x34 _build/nrf51822_xxac_ble_app.c.o
                0x0001d448                advertising_start
 .text.conn_params_init
                0x0001d47c       0x48 _build/nrf51822_xxac_ble_app.c.o
                0x0001d47c                conn_params_init
 .text.services_init
                0x0001d4c4       0x1c _build/nrf51822_xxac_ble_app.c.o
                0x0001d4c4                services_init
 .text.on_ble_evt
                0x0001d4e0       0xbc _build/nrf51822_xxac_ble_app.c.o
                0x0001d4e0                on_ble_evt
 .text.ble_evt_dispatch
                0x0001d59c       0x40 _build/nrf51822_xxac_ble_app.c.o
 .text.sd_ble_gatts_service_add
                0x0001d5dc        0x4 _build/nrf51822_xxac_ble_custom_service.c.o
 .text.sd_ble_gatts_characteristic_add
                0x0001d5e0        0x4 _build/nrf51822_xxac_ble_custom_service.c.o
 .text.sd_ble_gatts_hvx
                0x0001d5e4        0x4 _build/nrf51822_xxac_ble_custom_service.c.o
 .text.sd_ble_uuid_vs_add
                0x0001d5e8        0x4 _build/nrf51822_xxac_ble_custom_service.c.o
 .text.init_characteristic
                0x0001d5ec       0xec _build/nrf51822_xxac_ble_custom_service.c.o
 .text.custom_service_init
                0x0001d6d8       0xc8 _build/nrf51822_xxac_ble_custom_service.c.o
                0x0001d6d8                custom_service_init
 .text.custom_service_on_evt
                0x0001d7a0       0xa4 _build/nrf51822_xxac_ble_custom_service.c.o
                0x0001d7a0                custom_service_on_evt
 .text.notify_accel_data
                0x0001d844       0x80 _build/nrf51822_xxac_ble_custom_service.c.o
                0x0001d844                notify_accel_data
 .text.sd_ble_gap_address_get
                0x0001d8c4        0x4 _build/nrf51822_xxac_ble_advdata.c.o
 .text.sd_ble_gap_adv_data_set
                0x0001d8c8        0x4 _build/nrf51822_xxac_ble_advdata.c.o
 .text.sd_ble_gap_appearance_get
                0x0001d8cc        0x4 _build/nrf51822_xxac_ble_advdata.c.o
 .text.sd_ble_gap_device_name_get
                0x0001d8d0        0x4 _build/nrf51822_xxac_ble_advdata.c.o
 .text.sd_ble_uuid_encode
                0x0001d8d4        0x4 _build/nrf51822_xxac_ble_advdata.c.o
 .text.uuid_list_sized_encode
                0x0001d8d8       0xbe _build/nrf51822_xxac_ble_advdata.c.o
 .text.uuid_list_encode
                0x0001d996       0x34 _build/nrf51822_xxac_ble_advdata.c.o
 *fill*         0x0001d9ca        0x2 
 .text.adv_data_encode
                0x0001d9cc      0x3a0 _build/nrf51822_xxac_ble_advdata.c.o
                0x0001d9cc                adv_data_encode
 .text.ble_advdata_set
                0x0001dd6c       0x62 _build/nrf51822_xxac_ble_advdata.c.o
                0x0001dd6c                ble_advdata_set
 .text.sd_ble_gap_adv_start
                0x0001ddce        0x4 _build/nrf51822_xxac_ble_advertising.c.o
 *fill*         0x0001ddd2        0x2 
 .text.ble_advertising_init
                0x0001ddd4      0x178 _build/nrf51822_xxac_ble_advertising.c.o
                0x0001ddd4                ble_advertising_init
 .text.ble_advertising_start
                0x0001df4c      0x22c _build/nrf51822_xxac_ble_advertising.c.o
                0x0001df4c                ble_advertising_start
 .text.ble_advertising_on_ble_evt
                0x0001e178       0x6c _build/nrf51822_xxac_ble_advertising.c.o
                0x0001e178                ble_advertising_on_ble_evt
 .text.nrf_ble_gatt_init
                0x0001e1e4        0x4 _build/nrf51822_xxac_nrf_ble_gatt.c.o
                0x0001e1e4                nrf_ble_gatt_init
 .text.sd_ble_gap_conn_param_update
                0x0001e1e8        0x4 _build/nrf51822_xxac_ble_conn_params.c.o
 .text.sd_ble_gap_disconnect
                0x0001e1ec        0x4 _build/nrf51822_xxac_ble_conn_params.c.o
 .text.sd_ble_gap_ppcp_set
                0x0001e1f0        0x4 _build/nrf51822_xxac_ble_conn_params.c.o
 .text.sd_ble_gap_ppcp_get
                0x0001e1f4        0x4 _build/nrf51822_xxac_ble_conn_params.c.o
 .text.update_timeout_handler
                0x0001e1f8       0x70 _build/nrf51822_xxac_ble_conn_params.c.o
 .text.conn_params_negotiation
                0x0001e268       0x78 _build/nrf51822_xxac_ble_conn_params.c.o
 .text.ble_conn_params_init
                0x0001e2e0       0x70 _build/nrf51822_xxac_ble_conn_params.c.o
                0x0001e2e0                ble_conn_params_init
 .text.ble_conn_params_on_ble_evt
                0x0001e350       0xac _build/nrf51822_xxac_ble_conn_params.c.o
                0x0001e350                ble_conn_params_on_ble_evt
 .text.ble_conn_state_on_ble_evt
                0x0001e3fc       0xe8 _build/nrf51822_xxac_ble_conn_state.c.o
                0x0001e3fc                ble_conn_state_on_ble_evt
 .text.ble_srv_is_notification_enabled
                0x0001e4e4        0x8 _build/nrf51822_xxac_ble_srv_common.c.o
                0x0001e4e4                ble_srv_is_notification_enabled
 .text          0x0001e4ec       0x4c _build/nrf51822_xxac_gcc_startup_nrf51.S.o
                0x0001e4ec                Reset_Handler
                0x0001e52c                NMI_Handler
                0x0001e52e                HardFault_Handler
                0x0001e530                SVC_Handler
                0x0001e532                PendSV_Handler
                0x0001e534                SysTick_Handler
                0x0001e536                RADIO_IRQHandler
                0x0001e536                RTC0_IRQHandler
                0x0001e536                SWI4_IRQHandler
                0x0001e536                TEMP_IRQHandler
                0x0001e536                QDEC_IRQHandler
                0x0001e536                SWI5_IRQHandler
                0x0001e536                TIMER0_IRQHandler
                0x0001e536                LPCOMP_IRQHandler
                0x0001e536                TIMER1_IRQHandler
                0x0001e536                ECB_IRQHandler
                0x0001e536                Default_Handler
                0x0001e536                ADC_IRQHandler
                0x0001e536                SWI3_IRQHandler
                0x0001e536                CCM_AAR_IRQHandler
                0x0001e536                WDT_IRQHandler
                0x0001e536                TIMER2_IRQHandler
                0x0001e536                RNG_IRQHandler
                0x0001e536                SPI1_TWI1_IRQHandler
 .text.SystemInit
                0x0001e538       0xe0 _build/nrf51822_xxac_system_nrf51.c.o
                0x0001e538                SystemInit
 .text.sd_evt_get
                0x0001e618        0x4 _build/nrf51822_xxac_softdevice_handler.c.o
 .text.sd_softdevice_enable
                0x0001e61c        0x4 _build/nrf51822_xxac_softdevice_handler.c.o
 .text.sd_ble_enable
                0x0001e620        0x4 _build/nrf51822_xxac_softdevice_handler.c.o
 .text.sd_ble_evt_get
                0x0001e624        0x4 _build/nrf51822_xxac_softdevice_handler.c.o
 .text.softdevice_fault_handler
                0x0001e628        0x8 _build/nrf51822_xxac_softdevice_handler.c.o
                0x0001e628                softdevice_fault_handler
 .text.sd_nvic_EnableIRQ.constprop.5
                0x0001e630       0x38 _build/nrf51822_xxac_softdevice_handler.c.o
 .text.intern_softdevice_events_execute
                0x0001e668       0xbc _build/nrf51822_xxac_softdevice_handler.c.o
                0x0001e668                intern_softdevice_events_execute
 .text.softdevice_handler_is_enabled
                0x0001e724        0xc _build/nrf51822_xxac_softdevice_handler.c.o
                0x0001e724                softdevice_handler_is_enabled
 .text.softdevice_handler_init
                0x0001e730       0x6c _build/nrf51822_xxac_softdevice_handler.c.o
                0x0001e730                softdevice_handler_init
 .text.softdevice_ble_evt_handler_set
                0x0001e79c       0x14 _build/nrf51822_xxac_softdevice_handler.c.o
                0x0001e79c                softdevice_ble_evt_handler_set
 .text.SWI2_IRQHandler
                0x0001e7b0       0x20 _build/nrf51822_xxac_softdevice_handler.c.o
                0x0001e7b0                SWI2_IRQHandler
 .text.softdevice_enable_get_default_config
                0x0001e7d0       0x2e _build/nrf51822_xxac_softdevice_handler.c.o
                0x0001e7d0                softdevice_enable_get_default_config
 *fill*         0x0001e7fe        0x2 
 .text.softdevice_enable
                0x0001e800       0x70 _build/nrf51822_xxac_softdevice_handler.c.o
                0x0001e800                softdevice_enable
 .text.SWI1_IRQHandler
                0x0001e870       0x20 _build/nrf51822_xxac_ble_radio_notification.c.o
                0x0001e870                SWI1_IRQHandler
 .text.LIS2DH12_Read_Reg
                0x0001e890       0x10 _build/nrf51822_xxac_LIS2DH12_ACC_driver_HL.c.o
 .text.LIS2DH12_FIFO_Set_INT1_FIFO_Overrun
                0x0001e8a0       0x48 _build/nrf51822_xxac_LIS2DH12_ACC_driver_HL.c.o
 .text.LIS2DH12_FIFO_Get_Num_Of_Samples
                0x0001e8e8       0x22 _build/nrf51822_xxac_LIS2DH12_ACC_driver_HL.c.o
 .text.LIS2DH12_FIFO_Get_Overrun_Status
                0x0001e90a       0x12 _build/nrf51822_xxac_LIS2DH12_ACC_driver_HL.c.o
 .text.LIS2DH12_Get_DRDY_Status
                0x0001e91c       0x12 _build/nrf51822_xxac_LIS2DH12_ACC_driver_HL.c.o
 .text.LIS2DH12_Write_Reg
                0x0001e92e       0x18 _build/nrf51822_xxac_LIS2DH12_ACC_driver_HL.c.o
 .text.LIS2DH12_Set_Axes_Status
                0x0001e946       0x2e _build/nrf51822_xxac_LIS2DH12_ACC_driver_HL.c.o
 .text.LIS2DH12_Get_Axes_Status
                0x0001e974       0x2e _build/nrf51822_xxac_LIS2DH12_ACC_driver_HL.c.o
 .text.LIS2DH12_Set_FS_Value
                0x0001e9a2       0x44 _build/nrf51822_xxac_LIS2DH12_ACC_driver_HL.c.o
 .text.LIS2DH12_Set_FS
                0x0001e9e6       0x32 _build/nrf51822_xxac_LIS2DH12_ACC_driver_HL.c.o
 .text.LIS2DH12_Get_FS
                0x0001ea18       0x44 _build/nrf51822_xxac_LIS2DH12_ACC_driver_HL.c.o
 .text.LIS2DH12_Get_Sensitivity
                0x0001ea5c       0xac _build/nrf51822_xxac_LIS2DH12_ACC_driver_HL.c.o
 .text.LIS2DH12_Set_ODR_Value_When_Enabled
                0x0001eb08       0xc8 _build/nrf51822_xxac_LIS2DH12_ACC_driver_HL.c.o
 .text.LIS2DH12_Sensor_Enable
                0x0001ebd0       0x24 _build/nrf51822_xxac_LIS2DH12_ACC_driver_HL.c.o
 .text.LIS2DH12_Get_ODR
                0x0001ebf4       0x94 _build/nrf51822_xxac_LIS2DH12_ACC_driver_HL.c.o
 .text.LIS2DH12_Get_Axes_Raw_Data
                0x0001ec88       0xa8 _build/nrf51822_xxac_LIS2DH12_ACC_driver_HL.c.o
 .text.LIS2DH12_Get_AxesRaw
                0x0001ed30       0x24 _build/nrf51822_xxac_LIS2DH12_ACC_driver_HL.c.o
 .text.LIS2DH12_Get_Axes
                0x0001ed54       0x6a _build/nrf51822_xxac_LIS2DH12_ACC_driver_HL.c.o
 .text.LIS2DH12_Get_WhoAmI
                0x0001edbe        0xe _build/nrf51822_xxac_LIS2DH12_ACC_driver_HL.c.o
 .text.LIS2DH12_Check_WhoAmI
                0x0001edcc       0x28 _build/nrf51822_xxac_LIS2DH12_ACC_driver_HL.c.o
 .text.LIS2DH12_FIFO_Set_Mode
                0x0001edf4       0x16 _build/nrf51822_xxac_LIS2DH12_ACC_driver_HL.c.o
 *fill*         0x0001ee0a        0x2 
 .text.LIS2DH12_Set_ODR_Value
                0x0001ee0c       0xf0 _build/nrf51822_xxac_LIS2DH12_ACC_driver_HL.c.o
 .text.LIS2DH12_Set_ODR
                0x0001eefc       0x7c _build/nrf51822_xxac_LIS2DH12_ACC_driver_HL.c.o
 .text.LIS2DH12_Sensor_Disable
                0x0001ef78       0x2e _build/nrf51822_xxac_LIS2DH12_ACC_driver_HL.c.o
 .text.LIS2DH12_DeInit
                0x0001efa6       0x28 _build/nrf51822_xxac_LIS2DH12_ACC_driver_HL.c.o
 *fill*         0x0001efce        0x2 
 .text.LIS2DH12_Init
                0x0001efd0       0xf4 _build/nrf51822_xxac_LIS2DH12_ACC_driver_HL.c.o
 .text.Sensor_IO_Read
                0x0001f0c4       0x68 _build/nrf51822_xxac_LIS2DH12_ACC_driver_HL.c.o
                0x0001f0c4                Sensor_IO_Read
 .text.Sensor_IO_Write
                0x0001f12c       0x64 _build/nrf51822_xxac_LIS2DH12_ACC_driver_HL.c.o
                0x0001f12c                Sensor_IO_Write
 .text.LIS2DH12_ACC_ReadReg
                0x0001f190        0xe _build/nrf51822_xxac_LIS2DH12_ACC_driver.c.o
                0x0001f190                LIS2DH12_ACC_ReadReg
 .text.LIS2DH12_ACC_WriteReg
                0x0001f19e        0xe _build/nrf51822_xxac_LIS2DH12_ACC_driver.c.o
                0x0001f19e                LIS2DH12_ACC_WriteReg
 .text.LIS2DH12_GetWHO_AM_I
                0x0001f1ac       0x14 _build/nrf51822_xxac_LIS2DH12_ACC_driver.c.o
                0x0001f1ac                LIS2DH12_GetWHO_AM_I
 .text.LIS2DH12_GetODR
                0x0001f1c0       0x20 _build/nrf51822_xxac_LIS2DH12_ACC_driver.c.o
                0x0001f1c0                LIS2DH12_GetODR
 .text.LIS2DH12_SetODR
                0x0001f1e0       0x38 _build/nrf51822_xxac_LIS2DH12_ACC_driver.c.o
                0x0001f1e0                LIS2DH12_SetODR
 .text.LIS2DH12_GetFullScale
                0x0001f218       0x22 _build/nrf51822_xxac_LIS2DH12_ACC_driver.c.o
                0x0001f218                LIS2DH12_GetFullScale
 .text.LIS2DH12_SetFullScale
                0x0001f23a       0x38 _build/nrf51822_xxac_LIS2DH12_ACC_driver.c.o
                0x0001f23a                LIS2DH12_SetFullScale
 .text.LIS2DH12_SetBDU
                0x0001f272       0x38 _build/nrf51822_xxac_LIS2DH12_ACC_driver.c.o
                0x0001f272                LIS2DH12_SetBDU
 .text.LIS2DH12_GetAccAxesRaw
                0x0001f2aa       0x3a _build/nrf51822_xxac_LIS2DH12_ACC_driver.c.o
                0x0001f2aa                LIS2DH12_GetAccAxesRaw
 .text.LIS2DH12_GetMode
                0x0001f2e4       0x52 _build/nrf51822_xxac_LIS2DH12_ACC_driver.c.o
                0x0001f2e4                LIS2DH12_GetMode
 .text.LIS2DH12_SetMode
                0x0001f336       0x84 _build/nrf51822_xxac_LIS2DH12_ACC_driver.c.o
                0x0001f336                LIS2DH12_SetMode
 .text.LIS2DH12_GetAxesEnabled
                0x0001f3ba       0x22 _build/nrf51822_xxac_LIS2DH12_ACC_driver.c.o
                0x0001f3ba                LIS2DH12_GetAxesEnabled
 .text.LIS2DH12_SetAxesEnabled
                0x0001f3dc       0x38 _build/nrf51822_xxac_LIS2DH12_ACC_driver.c.o
                0x0001f3dc                LIS2DH12_SetAxesEnabled
 .text.LIS2DH12_SetInt1Pin
                0x0001f414       0x2e _build/nrf51822_xxac_LIS2DH12_ACC_driver.c.o
                0x0001f414                LIS2DH12_SetInt1Pin
 .text.LIS2DH12_FIFOModeEnable
                0x0001f442      0x1ca _build/nrf51822_xxac_LIS2DH12_ACC_driver.c.o
                0x0001f442                LIS2DH12_FIFOModeEnable
 .text.LIS2DH12_GetStatusBit
                0x0001f60c       0x5a _build/nrf51822_xxac_LIS2DH12_ACC_driver.c.o
                0x0001f60c                LIS2DH12_GetStatusBit
 .text.LIS2DH12_GetFifoSourceBit
                0x0001f666       0x48 _build/nrf51822_xxac_LIS2DH12_ACC_driver.c.o
                0x0001f666                LIS2DH12_GetFifoSourceBit
 .text.LIS2DH12_GetFifoSourceFSS
                0x0001f6ae       0x22 _build/nrf51822_xxac_LIS2DH12_ACC_driver.c.o
                0x0001f6ae                LIS2DH12_GetFifoSourceFSS
 .text          0x0001f6d0       0x14 c:/program files (x86)/gnu tools arm embedded/6 2017-q2-update/bin/../lib/gcc/arm-none-eabi/6.3.1/thumb/v6-m\libgcc.a(_thumb1_case_uqi.o)
                0x0001f6d0                __gnu_thumb1_case_uqi
 .text          0x0001f6e4       0x14 c:/program files (x86)/gnu tools arm embedded/6 2017-q2-update/bin/../lib/gcc/arm-none-eabi/6.3.1/thumb/v6-m\libgcc.a(_thumb1_case_shi.o)
                0x0001f6e4                __gnu_thumb1_case_shi
 .text          0x0001f6f8      0x114 c:/program files (x86)/gnu tools arm embedded/6 2017-q2-update/bin/../lib/gcc/arm-none-eabi/6.3.1/thumb/v6-m\libgcc.a(_udivsi3.o)
                0x0001f6f8                __aeabi_uidiv
                0x0001f6f8                __udivsi3
                0x0001f804                __aeabi_uidivmod
 .text          0x0001f80c      0x1d4 c:/program files (x86)/gnu tools arm embedded/6 2017-q2-update/bin/../lib/gcc/arm-none-eabi/6.3.1/thumb/v6-m\libgcc.a(_divsi3.o)
                0x0001f80c                __divsi3
                0x0001f80c                __aeabi_idiv
                0x0001f9d8                __aeabi_idivmod
 .text          0x0001f9e0        0x4 c:/program files (x86)/gnu tools arm embedded/6 2017-q2-update/bin/../lib/gcc/arm-none-eabi/6.3.1/thumb/v6-m\libgcc.a(_dvmd_tls.o)
                0x0001f9e0                __aeabi_idiv0
                0x0001f9e0                __aeabi_ldiv0
 .text          0x0001f9e4       0x74 c:/program files (x86)/gnu tools arm embedded/6 2017-q2-update/bin/../lib/gcc/arm-none-eabi/6.3.1/thumb/v6-m\libgcc.a(_arm_cmpsf2.o)
                0x0001f9e4                __aeabi_cfrcmple
                0x0001f9ec                __aeabi_cfcmpeq
                0x0001f9ec                __aeabi_cfcmple
                0x0001f9fc                __aeabi_fcmpeq
                0x0001fa08                __aeabi_fcmplt
                0x0001fa1c                __aeabi_fcmple
                0x0001fa30                __aeabi_fcmpgt
                0x0001fa44                __aeabi_fcmpge
 .text          0x0001fa58       0x4c c:/program files (x86)/gnu tools arm embedded/6 2017-q2-update/bin/../lib/gcc/arm-none-eabi/6.3.1/thumb/v6-m\libgcc.a(eqsf2.o)
                0x0001fa58                __eqsf2
                0x0001fa58                __nesf2
 .text          0x0001faa4       0x80 c:/program files (x86)/gnu tools arm embedded/6 2017-q2-update/bin/../lib/gcc/arm-none-eabi/6.3.1/thumb/v6-m\libgcc.a(gesf2.o)
                0x0001faa4                __gesf2
                0x0001faa4                __gtsf2
 .text          0x0001fb24       0x84 c:/program files (x86)/gnu tools arm embedded/6 2017-q2-update/bin/../lib/gcc/arm-none-eabi/6.3.1/thumb/v6-m\libgcc.a(lesf2.o)
                0x0001fb24                __ltsf2
                0x0001fb24                __lesf2
 .text          0x0001fba8      0x240 c:/program files (x86)/gnu tools arm embedded/6 2017-q2-update/bin/../lib/gcc/arm-none-eabi/6.3.1/thumb/v6-m\libgcc.a(mulsf3.o)
                0x0001fba8                __aeabi_fmul
 .text          0x0001fde8       0x40 c:/program files (x86)/gnu tools arm embedded/6 2017-q2-update/bin/../lib/gcc/arm-none-eabi/6.3.1/thumb/v6-m\libgcc.a(fixsfsi.o)
                0x0001fde8                __aeabi_f2iz
 .text          0x0001fe28       0xa0 c:/program files (x86)/gnu tools arm embedded/6 2017-q2-update/bin/../lib/gcc/arm-none-eabi/6.3.1/thumb/v6-m\libgcc.a(floatsisf.o)
                0x0001fe28                __aeabi_i2f
 .text          0x0001fec8       0x3c c:/program files (x86)/gnu tools arm embedded/6 2017-q2-update/bin/../lib/gcc/arm-none-eabi/6.3.1/thumb/v6-m\libgcc.a(_clzsi2.o)
                0x0001fec8                __clzsi2
 .text.__locale_ctype_ptr
                0x0001ff04       0x1c c:/program files (x86)/gnu tools arm embedded/6 2017-q2-update/bin/../lib/gcc/arm-none-eabi/6.3.1/../../../../arm-none-eabi/lib/thumb/v6-m\libc_nano.a(lib_a-locale.o)
                0x0001ff04                __locale_ctype_ptr
 .text.__ascii_mbtowc
                0x0001ff20       0x24 c:/program files (x86)/gnu tools arm embedded/6 2017-q2-update/bin/../lib/gcc/arm-none-eabi/6.3.1/../../../../arm-none-eabi/lib/thumb/v6-m\libc_nano.a(lib_a-mbtowc_r.o)
                0x0001ff20                __ascii_mbtowc
 .text.memcpy   0x0001ff44       0x12 c:/program files (x86)/gnu tools arm embedded/6 2017-q2-update/bin/../lib/gcc/arm-none-eabi/6.3.1/../../../../arm-none-eabi/lib/thumb/v6-m\libc_nano.a(lib_a-memcpy-stub.o)
                0x0001ff44                memcpy
 *fill*         0x0001ff56        0x2 
 .text.snprintf
                0x0001ff58       0x64 c:/program files (x86)/gnu tools arm embedded/6 2017-q2-update/bin/../lib/gcc/arm-none-eabi/6.3.1/../../../../arm-none-eabi/lib/thumb/v6-m\libc_nano.a(lib_a-snprintf.o)
                0x0001ff58                sniprintf
                0x0001ff58                snprintf
 .text          0x0001ffbc        0xe c:/program files (x86)/gnu tools arm embedded/6 2017-q2-update/bin/../lib/gcc/arm-none-eabi/6.3.1/../../../../arm-none-eabi/lib/thumb/v6-m\libc_nano.a(lib_a-strlen.o)
                0x0001ffbc                strlen
 .text.__ascii_wctomb
                0x0001ffca       0x18 c:/program files (x86)/gnu tools arm embedded/6 2017-q2-update/bin/../lib/gcc/arm-none-eabi/6.3.1/../../../../arm-none-eabi/lib/thumb/v6-m\libc_nano.a(lib_a-wctomb_r.o)
                0x0001ffca                __ascii_wctomb
 *fill*         0x0001ffe2        0x2 
 .text.__ssputs_r
                0x0001ffe4       0xc4 c:/program files (x86)/gnu tools arm embedded/6 2017-q2-update/bin/../lib/gcc/arm-none-eabi/6.3.1/../../../../arm-none-eabi/lib/thumb/v6-m\libc_nano.a(lib_a-nano-svfprintf.o)
                0x0001ffe4                __ssputs_r
 .text._svfprintf_r
                0x000200a8      0x208 c:/program files (x86)/gnu tools arm embedded/6 2017-q2-update/bin/../lib/gcc/arm-none-eabi/6.3.1/../../../../arm-none-eabi/lib/thumb/v6-m\libc_nano.a(lib_a-nano-svfprintf.o)
                0x000200a8                _svfiprintf_r
                0x000200a8                _svfprintf_r
 .text._printf_common
                0x000202b0       0xda c:/program files (x86)/gnu tools arm embedded/6 2017-q2-update/bin/../lib/gcc/arm-none-eabi/6.3.1/../../../../arm-none-eabi/lib/thumb/v6-m\libc_nano.a(lib_a-nano-vfprintf_i.o)
                0x000202b0                _printf_common
 *fill*         0x0002038a        0x2 
 .text._printf_i
                0x0002038c      0x234 c:/program files (x86)/gnu tools arm embedded/6 2017-q2-update/bin/../lib/gcc/arm-none-eabi/6.3.1/../../../../arm-none-eabi/lib/thumb/v6-m\libc_nano.a(lib_a-nano-vfprintf_i.o)
                0x0002038c                _printf_i
 .text.memchr   0x000205c0       0x16 c:/program files (x86)/gnu tools arm embedded/6 2017-q2-update/bin/../lib/gcc/arm-none-eabi/6.3.1/../../../../arm-none-eabi/lib/thumb/v6-m\libc_nano.a(lib_a-memchr-stub.o)
                0x000205c0                memchr
 .text.memmove  0x000205d6       0x24 c:/program files (x86)/gnu tools arm embedded/6 2017-q2-update/bin/../lib/gcc/arm-none-eabi/6.3.1/../../../../arm-none-eabi/lib/thumb/v6-m\libc_nano.a(lib_a-memmove.o)
                0x000205d6                memmove
 *fill*         0x000205fa        0x2 
 .text._free_r  0x000205fc       0x94 c:/program files (x86)/gnu tools arm embedded/6 2017-q2-update/bin/../lib/gcc/arm-none-eabi/6.3.1/../../../../arm-none-eabi/lib/thumb/v6-m\libc_nano.a(lib_a-nano-freer.o)
                0x000205fc                _free_r
 .text._malloc_r
                0x00020690       0xbc c:/program files (x86)/gnu tools arm embedded/6 2017-q2-update/bin/../lib/gcc/arm-none-eabi/6.3.1/../../../../arm-none-eabi/lib/thumb/v6-m\libc_nano.a(lib_a-nano-mallocr.o)
                0x00020690                _malloc_r
 .text._realloc_r
                0x0002074c       0x4c c:/program files (x86)/gnu tools arm embedded/6 2017-q2-update/bin/../lib/gcc/arm-none-eabi/6.3.1/../../../../arm-none-eabi/lib/thumb/v6-m\libc_nano.a(lib_a-nano-reallocr.o)
                0x0002074c                _realloc_r
 .text._sbrk_r  0x00020798       0x24 c:/program files (x86)/gnu tools arm embedded/6 2017-q2-update/bin/../lib/gcc/arm-none-eabi/6.3.1/../../../../arm-none-eabi/lib/thumb/v6-m\libc_nano.a(lib_a-sbrkr.o)
                0x00020798                _sbrk_r
 .text.__malloc_lock
                0x000207bc        0x2 c:/program files (x86)/gnu tools arm embedded/6 2017-q2-update/bin/../lib/gcc/arm-none-eabi/6.3.1/../../../../arm-none-eabi/lib/thumb/v6-m\libc_nano.a(lib_a-mlock.o)
                0x000207bc                __malloc_lock
 .text.__malloc_unlock
                0x000207be        0x2 c:/program files (x86)/gnu tools arm embedded/6 2017-q2-update/bin/../lib/gcc/arm-none-eabi/6.3.1/../../../../arm-none-eabi/lib/thumb/v6-m\libc_nano.a(lib_a-mlock.o)
                0x000207be                __malloc_unlock
 .text._malloc_usable_size_r
                0x000207c0       0x10 c:/program files (x86)/gnu tools arm embedded/6 2017-q2-update/bin/../lib/gcc/arm-none-eabi/6.3.1/../../../../arm-none-eabi/lib/thumb/v6-m\libc_nano.a(lib_a-nano-msizer.o)
                0x000207c0                _malloc_usable_size_r
 .text._sbrk    0x000207d0       0x1c c:/program files (x86)/gnu tools arm embedded/6 2017-q2-update/bin/../lib/gcc/arm-none-eabi/6.3.1/../../../../arm-none-eabi/lib/thumb/v6-m\libnosys.a(sbrk.o)
                0x000207d0                _sbrk
 *(.init)
 .init          0x000207ec        0x4 c:/program files (x86)/gnu tools arm embedded/6 2017-q2-update/bin/../lib/gcc/arm-none-eabi/6.3.1/thumb/v6-m/crti.o
                0x000207ec                _init
 .init          0x000207f0        0x8 c:/program files (x86)/gnu tools arm embedded/6 2017-q2-update/bin/../lib/gcc/arm-none-eabi/6.3.1/thumb/v6-m/crtn.o
 *(.fini)
 .fini          0x000207f8        0x4 c:/program files (x86)/gnu tools arm embedded/6 2017-q2-update/bin/../lib/gcc/arm-none-eabi/6.3.1/thumb/v6-m/crti.o
                0x000207f8                _fini
 .fini          0x000207fc        0x8 c:/program files (x86)/gnu tools arm embedded/6 2017-q2-update/bin/../lib/gcc/arm-none-eabi/6.3.1/thumb/v6-m/crtn.o
 *crtbegin.o(.ctors)
 *crtbegin?.o(.ctors)
 *(EXCLUDE_FILE(*crtend.o *crtend?.o) .ctors)
 *(SORT(.ctors.*))
 *(.ctors)
 *crtbegin.o(.dtors)
 *crtbegin?.o(.dtors)
 *(EXCLUDE_FILE(*crtend.o *crtend?.o) .dtors)
 *(SORT(.dtors.*))
 *(.dtors)
 *(.rodata*)
 .rodata._global_impure_ptr
                0x00020804        0x4 c:/program files (x86)/gnu tools arm embedded/6 2017-q2-update/bin/../lib/gcc/arm-none-eabi/6.3.1/../../../../arm-none-eabi/lib/thumb/v6-m\libc_nano.a(lib_a-impure.o)
                0x00020804                _global_impure_ptr
 .rodata        0x00020808       0x20 _build/nrf51822_xxac_nrf_log_backend_serial.c.o
 .rodata.nrf_log_backend_serial_hexdump_handler.str1.1
                0x00020828        0x7 _build/nrf51822_xxac_nrf_log_backend_serial.c.o
 .rodata.buf_prealloc.str1.1
                0x0002082f        0xb _build/nrf51822_xxac_nrf_log_frontend.c.o
 .rodata.app_error_fault_handler.str1.1
                0x0002083a       0x18 _build/nrf51822_xxac_app_error_weak.c.o
 .rodata.main.str1.1
                0x00020852       0x5b _build/nrf51822_xxac_main.c.o
 .rodata.__FUNCTION__.8850
                0x000208ad       0x13 _build/nrf51822_xxac_accelerometer_app.c.o
 .rodata.accel_pulling_data_handler.str1.1
                0x000208c0       0x1e _build/nrf51822_xxac_accelerometer_app.c.o
 .rodata.accelerometer_init.str1.1
                0x000208de       0x23 _build/nrf51822_xxac_accelerometer_app.c.o
 *fill*         0x00020901        0x3 
 .rodata.m_accel_pulling_data_id
                0x00020904        0x4 _build/nrf51822_xxac_accelerometer_app.c.o
 .rodata.__FUNCTION__.8901
                0x00020908       0x11 _build/nrf51822_xxac_ble_app.c.o
 .rodata.__FUNCTION__.8909
                0x00020919        0xf _build/nrf51822_xxac_ble_app.c.o
 .rodata.__FUNCTION__.8922
                0x00020928       0x10 _build/nrf51822_xxac_ble_app.c.o
 .rodata.__FUNCTION__.8932
                0x00020938       0x11 _build/nrf51822_xxac_ble_app.c.o
 .rodata.__FUNCTION__.8947
                0x00020949        0xa _build/nrf51822_xxac_ble_app.c.o
 .rodata.__FUNCTION__.8953
                0x00020953       0x12 _build/nrf51822_xxac_ble_app.c.o
 .rodata.__FUNCTION__.8973
                0x00020965        0xe _build/nrf51822_xxac_ble_app.c.o
 .rodata.__FUNCTION__.8977
                0x00020973        0xb _build/nrf51822_xxac_ble_app.c.o
 .rodata.ble_evt_dispatch.str1.1
                0x0002097e       0x10 _build/nrf51822_xxac_ble_app.c.o
 .rodata.gap_params_init.str1.1
                0x0002098e        0x7 _build/nrf51822_xxac_ble_app.c.o
 .rodata.on_adv_evt.str1.1
                0x00020995       0x25 _build/nrf51822_xxac_ble_app.c.o
 .rodata.on_ble_evt.str1.1
                0x000209ba       0x6e _build/nrf51822_xxac_ble_app.c.o
 .rodata        0x00020a28       0x10 _build/nrf51822_xxac_ble_custom_service.c.o
 .rodata.__FUNCTION__.8856
                0x00020a38       0x14 _build/nrf51822_xxac_ble_custom_service.c.o
 .rodata.__FUNCTION__.8864
                0x00020a4c        0xb _build/nrf51822_xxac_ble_custom_service.c.o
 .rodata.__FUNCTION__.8868
                0x00020a57        0xe _build/nrf51822_xxac_ble_custom_service.c.o
 .rodata.__FUNCTION__.8873
                0x00020a65        0xd _build/nrf51822_xxac_ble_custom_service.c.o
 .rodata.__FUNCTION__.8877
                0x00020a72        0x7 _build/nrf51822_xxac_ble_custom_service.c.o
 .rodata.__FUNCTION__.8890
                0x00020a79       0x12 _build/nrf51822_xxac_ble_custom_service.c.o
 .rodata.custom_service_init.str1.1
                0x00020a8b       0x1a _build/nrf51822_xxac_ble_custom_service.c.o
                                 0x25 (size before relaxing)
 .rodata.custom_service_on_evt.str1.1
                0x00020aa5       0x91 _build/nrf51822_xxac_ble_custom_service.c.o
 .rodata.init_characteristic.str1.1
                0x00020b36       0x3b _build/nrf51822_xxac_ble_custom_service.c.o
 *fill*         0x00020b71        0x3 
 .rodata.m_conn_params_timer_id
                0x00020b74        0x4 _build/nrf51822_xxac_ble_conn_params.c.o
 .rodata.softdevice_enable.str1.1
                0x00020b78       0xc8 _build/nrf51822_xxac_softdevice_handler.c.o
 .rodata        0x00020c40       0x14 _build/nrf51822_xxac_LIS2DH12_ACC_driver_HL.c.o
 .rodata.m_spi  0x00020c54        0x8 _build/nrf51822_xxac_LIS2DH12_ACC_driver_HL.c.o
 .rodata        0x00020c5c       0x40 c:/program files (x86)/gnu tools arm embedded/6 2017-q2-update/bin/../lib/gcc/arm-none-eabi/6.3.1/thumb/v6-m\libgcc.a(mulsf3.o)
 .rodata._setlocale_r.str1.1
                0x00020c9c        0x8 c:/program files (x86)/gnu tools arm embedded/6 2017-q2-update/bin/../lib/gcc/arm-none-eabi/6.3.1/../../../../arm-none-eabi/lib/thumb/v6-m\libc_nano.a(lib_a-locale.o)
                                  0x9 (size before relaxing)
 .rodata.str1.1
                0x00020ca4        0x2 c:/program files (x86)/gnu tools arm embedded/6 2017-q2-update/bin/../lib/gcc/arm-none-eabi/6.3.1/../../../../arm-none-eabi/lib/thumb/v6-m\libc_nano.a(lib_a-locale.o)
 .rodata._ctype_
                0x00020ca6      0x101 c:/program files (x86)/gnu tools arm embedded/6 2017-q2-update/bin/../lib/gcc/arm-none-eabi/6.3.1/../../../../arm-none-eabi/lib/thumb/v6-m\libc_nano.a(lib_a-ctype_.o)
                0x00020ca6                _ctype_
 .rodata._svfprintf_r.str1.1
                0x00020da7       0x11 c:/program files (x86)/gnu tools arm embedded/6 2017-q2-update/bin/../lib/gcc/arm-none-eabi/6.3.1/../../../../arm-none-eabi/lib/thumb/v6-m\libc_nano.a(lib_a-nano-svfprintf.o)
 .rodata._printf_i.str1.1
                0x00020db8       0x22 c:/program files (x86)/gnu tools arm embedded/6 2017-q2-update/bin/../lib/gcc/arm-none-eabi/6.3.1/../../../../arm-none-eabi/lib/thumb/v6-m\libc_nano.a(lib_a-nano-vfprintf_i.o)
 *(.eh_frame*)
 *fill*         0x00020dda        0x2 
 .eh_frame      0x00020ddc        0x0 c:/program files (x86)/gnu tools arm embedded/6 2017-q2-update/bin/../lib/gcc/arm-none-eabi/6.3.1/thumb/v6-m/crtbegin.o
 .eh_frame      0x00020ddc        0x4 c:/program files (x86)/gnu tools arm embedded/6 2017-q2-update/bin/../lib/gcc/arm-none-eabi/6.3.1/thumb/v6-m/crtend.o

.glue_7         0x00020de0        0x0
 .glue_7        0x00020de0        0x0 linker stubs

.glue_7t        0x00020de0        0x0
 .glue_7t       0x00020de0        0x0 linker stubs

.vfp11_veneer   0x00020de0        0x0
 .vfp11_veneer  0x00020de0        0x0 linker stubs

.v4_bx          0x00020de0        0x0
 .v4_bx         0x00020de0        0x0 linker stubs

.iplt           0x00020de0        0x0
 .iplt          0x00020de0        0x0 c:/program files (x86)/gnu tools arm embedded/6 2017-q2-update/bin/../lib/gcc/arm-none-eabi/6.3.1/thumb/v6-m/crtbegin.o

.ARM.extab
 *(.ARM.extab* .gnu.linkonce.armextab.*)
                0x00020de0                __exidx_start = .

.ARM.exidx      0x00020de0        0x8
 *(.ARM.exidx* .gnu.linkonce.armexidx.*)
 .ARM.exidx     0x00020de0        0x8 c:/program files (x86)/gnu tools arm embedded/6 2017-q2-update/bin/../lib/gcc/arm-none-eabi/6.3.1/../../../../arm-none-eabi/lib/thumb/v6-m/crt0.o
                0x00020de8                __exidx_end = .
                0x00020de8                __etext = .

.rel.dyn        0x00020de8        0x0
 .rel.iplt      0x00020de8        0x0 c:/program files (x86)/gnu tools arm embedded/6 2017-q2-update/bin/../lib/gcc/arm-none-eabi/6.3.1/thumb/v6-m/crtbegin.o

.data           0x20001fe8      0x260 load address 0x00020de8
                0x20001fe8                __data_start__ = .
 *(vtable)
 *(.data*)
 .data._impure_ptr
                0x20001fe8        0x4 c:/program files (x86)/gnu tools arm embedded/6 2017-q2-update/bin/../lib/gcc/arm-none-eabi/6.3.1/../../../../arm-none-eabi/lib/thumb/v6-m\libc_nano.a(lib_a-impure.o)
                0x20001fe8                _impure_ptr
 .data.impure_data
                0x20001fec       0x60 c:/program files (x86)/gnu tools arm embedded/6 2017-q2-update/bin/../lib/gcc/arm-none-eabi/6.3.1/../../../../arm-none-eabi/lib/thumb/v6-m\libc_nano.a(lib_a-impure.o)
 .data.m_uart   0x2000204c        0x8 _build/nrf51822_xxac_nrf_log_backend_serial.c.o
 .data.m_beacon_data
                0x20002054        0x6 _build/nrf51822_xxac_ble_app.c.o
 .data.m_conn_handle
                0x2000205a        0x2 _build/nrf51822_xxac_ble_custom_service.c.o
 .data.m_whitelist
                0x2000205c       0x10 _build/nrf51822_xxac_ble_advertising.c.o
 .data.SystemCoreClock
                0x2000206c        0x4 _build/nrf51822_xxac_system_nrf51.c.o
                0x2000206c                SystemCoreClock
 .data.LIS2DH12_Drv
                0x20002070       0x50 _build/nrf51822_xxac_LIS2DH12_ACC_driver_HL.c.o
                0x20002070                LIS2DH12_Drv
 .data.LIS2DH12_ExtDrv
                0x200020c0       0x10 _build/nrf51822_xxac_LIS2DH12_ACC_driver_HL.c.o
                0x200020c0                LIS2DH12_ExtDrv
 .data.__global_locale
                0x200020d0      0x16c c:/program files (x86)/gnu tools arm embedded/6 2017-q2-update/bin/../lib/gcc/arm-none-eabi/6.3.1/../../../../arm-none-eabi/lib/thumb/v6-m\libc_nano.a(lib_a-locale.o)
                0x200020d0                __global_locale
                0x2000223c                . = ALIGN (0x4)
                0x2000223c                PROVIDE (__preinit_array_start, .)
 *(.preinit_array)
                0x2000223c                PROVIDE (__preinit_array_end, .)
                0x2000223c                . = ALIGN (0x4)
                0x2000223c                PROVIDE (__init_array_start, .)
 *(SORT(.init_array.*))
 *(.init_array)
 .init_array    0x2000223c        0x4 c:/program files (x86)/gnu tools arm embedded/6 2017-q2-update/bin/../lib/gcc/arm-none-eabi/6.3.1/thumb/v6-m/crtbegin.o
                0x20002240                PROVIDE (__init_array_end, .)
                0x20002240                . = ALIGN (0x4)
                [!provide]                PROVIDE (__fini_array_start, .)
 *(SORT(.fini_array.*))
 *(.fini_array)
 .fini_array    0x20002240        0x4 c:/program files (x86)/gnu tools arm embedded/6 2017-q2-update/bin/../lib/gcc/arm-none-eabi/6.3.1/thumb/v6-m/crtbegin.o
                [!provide]                PROVIDE (__fini_array_end, .)
 *(.jcr*)
 .jcr           0x20002244        0x0 c:/program files (x86)/gnu tools arm embedded/6 2017-q2-update/bin/../lib/gcc/arm-none-eabi/6.3.1/thumb/v6-m/crtbegin.o
 .jcr           0x20002244        0x4 c:/program files (x86)/gnu tools arm embedded/6 2017-q2-update/bin/../lib/gcc/arm-none-eabi/6.3.1/thumb/v6-m/crtend.o
                0x20002248                . = ALIGN (0x4)
                0x20002248                __data_end__ = .
LOAD c:/program files (x86)/gnu tools arm embedded/6 2017-q2-update/bin/../lib/gcc/arm-none-eabi/6.3.1/thumb/v6-m/crti.o
LOAD c:/program files (x86)/gnu tools arm embedded/6 2017-q2-update/bin/../lib/gcc/arm-none-eabi/6.3.1/thumb/v6-m/crtbegin.o
LOAD c:/program files (x86)/gnu tools arm embedded/6 2017-q2-update/bin/../lib/gcc/arm-none-eabi/6.3.1/../../../../arm-none-eabi/lib/thumb/v6-m/crt0.o
LOAD c:/program files (x86)/gnu tools arm embedded/6 2017-q2-update/bin/../lib/gcc/arm-none-eabi/6.3.1/../../../../arm-none-eabi/lib/thumb/v6-m\libc_nano.a
LOAD c:/program files (x86)/gnu tools arm embedded/6 2017-q2-update/bin/../lib/gcc/arm-none-eabi/6.3.1/../../../../arm-none-eabi/lib/thumb/v6-m\libnosys.a
LOAD _build/nrf51822_xxac_nrf_log_backend_serial.c.o
LOAD _build/nrf51822_xxac_nrf_log_frontend.c.o
LOAD _build/nrf51822_xxac_app_button.c.o
LOAD _build/nrf51822_xxac_app_error.c.o
LOAD _build/nrf51822_xxac_app_error_weak.c.o
LOAD _build/nrf51822_xxac_app_timer.c.o
LOAD _build/nrf51822_xxac_app_util_platform.c.o
LOAD _build/nrf51822_xxac_hardfault_implementation.c.o
LOAD _build/nrf51822_xxac_nrf_assert.c.o
LOAD _build/nrf51822_xxac_sdk_errors.c.o
LOAD _build/nrf51822_xxac_sdk_mapped_flags.c.o
LOAD _build/nrf51822_xxac_boards.c.o
LOAD _build/nrf51822_xxac_nrf_drv_clock.c.o
LOAD _build/nrf51822_xxac_nrf_drv_common.c.o
LOAD _build/nrf51822_xxac_nrf_drv_gpiote.c.o
LOAD _build/nrf51822_xxac_nrf_drv_spi.c.o
LOAD _build/nrf51822_xxac_nrf_drv_uart.c.o
LOAD _build/nrf51822_xxac_nrf_nvic.c.o
LOAD _build/nrf51822_xxac_bsp.c.o
LOAD _build/nrf51822_xxac_bsp_nfc.c.o
LOAD _build/nrf51822_xxac_bsp_btn_ble.c.o
LOAD _build/nrf51822_xxac_fstorage.c.o
LOAD _build/nrf51822_xxac_main.c.o
LOAD _build/nrf51822_xxac_accelerometer_app.c.o
LOAD _build/nrf51822_xxac_ble_app.c.o
LOAD _build/nrf51822_xxac_ble_custom_service.c.o
LOAD _build/nrf51822_xxac_RTT_Syscalls_GCC.c.o
LOAD _build/nrf51822_xxac_SEGGER_RTT.c.o
LOAD _build/nrf51822_xxac_SEGGER_RTT_printf.c.o
LOAD _build/nrf51822_xxac_ble_advdata.c.o
LOAD _build/nrf51822_xxac_ble_advertising.c.o
LOAD _build/nrf51822_xxac_nrf_ble_gatt.c.o
LOAD _build/nrf51822_xxac_ble_conn_params.c.o
LOAD _build/nrf51822_xxac_ble_conn_state.c.o
LOAD _build/nrf51822_xxac_ble_srv_common.c.o
LOAD _build/nrf51822_xxac_gcc_startup_nrf51.S.o
LOAD _build/nrf51822_xxac_system_nrf51.c.o
LOAD _build/nrf51822_xxac_softdevice_handler.c.o
LOAD _build/nrf51822_xxac_ble_radio_notification.c.o
LOAD _build/nrf51822_xxac_LIS2DH12_ACC_driver_HL.c.o
LOAD _build/nrf51822_xxac_LIS2DH12_ACC_driver.c.o
LOAD c:/program files (x86)/gnu tools arm embedded/6 2017-q2-update/bin/../lib/gcc/arm-none-eabi/6.3.1/../../../../arm-none-eabi/lib/thumb/v6-m\libm.a
START GROUP
LOAD c:/program files (x86)/gnu tools arm embedded/6 2017-q2-update/bin/../lib/gcc/arm-none-eabi/6.3.1/thumb/v6-m\libgcc.a
LOAD c:/program files (x86)/gnu tools arm embedded/6 2017-q2-update/bin/../lib/gcc/arm-none-eabi/6.3.1/../../../../arm-none-eabi/lib/thumb/v6-m\libc_nano.a
END GROUP
START GROUP
LOAD c:/program files (x86)/gnu tools arm embedded/6 2017-q2-update/bin/../lib/gcc/arm-none-eabi/6.3.1/thumb/v6-m\libgcc.a
LOAD c:/program files (x86)/gnu tools arm embedded/6 2017-q2-update/bin/../lib/gcc/arm-none-eabi/6.3.1/../../../../arm-none-eabi/lib/thumb/v6-m\libc_nano.a
END GROUP
LOAD c:/program files (x86)/gnu tools arm embedded/6 2017-q2-update/bin/../lib/gcc/arm-none-eabi/6.3.1/thumb/v6-m/crtend.o
LOAD c:/program files (x86)/gnu tools arm embedded/6 2017-q2-update/bin/../lib/gcc/arm-none-eabi/6.3.1/thumb/v6-m/crtn.o
START GROUP
LOAD c:/program files (x86)/gnu tools arm embedded/6 2017-q2-update/bin/../lib/gcc/arm-none-eabi/6.3.1/thumb/v6-m\libgcc.a
LOAD c:/program files (x86)/gnu tools arm embedded/6 2017-q2-update/bin/../lib/gcc/arm-none-eabi/6.3.1/../../../../arm-none-eabi/lib/thumb/v6-m\libc.a
LOAD c:/program files (x86)/gnu tools arm embedded/6 2017-q2-update/bin/../lib/gcc/arm-none-eabi/6.3.1/../../../../arm-none-eabi/lib/thumb/v6-m\libnosys.a
END GROUP

.igot.plt       0x20002248        0x0 load address 0x00021048
 .igot.plt      0x20002248        0x0 c:/program files (x86)/gnu tools arm embedded/6 2017-q2-update/bin/../lib/gcc/arm-none-eabi/6.3.1/thumb/v6-m/crtbegin.o

.fs_data        0x20002248        0x0
                0x20002248                PROVIDE (__start_fs_data, .)
 *(.fs_data)
                0x20002248                PROVIDE (__stop_fs_data, .)

.pwr_mgmt_data  0x20002248        0x0
                [!provide]                PROVIDE (__start_pwr_mgmt_data, .)
 *(.pwr_mgmt_data)
                [!provide]                PROVIDE (__stop_pwr_mgmt_data, .)

.bss            0x20002248      0xb50 load address 0x00021048
                0x20002248                . = ALIGN (0x4)
                0x20002248                __bss_start__ = .
 *(.bss*)
 .bss           0x20002248       0x1c c:/program files (x86)/gnu tools arm embedded/6 2017-q2-update/bin/../lib/gcc/arm-none-eabi/6.3.1/thumb/v6-m/crtbegin.o
 .bss.m_blocking_mode
                0x20002264        0x1 _build/nrf51822_xxac_nrf_log_backend_serial.c.o
 .bss.m_initialized
                0x20002265        0x1 _build/nrf51822_xxac_nrf_log_backend_serial.c.o
 .bss.m_rx_done
                0x20002266        0x1 _build/nrf51822_xxac_nrf_log_backend_serial.c.o
 .bss.m_uart_buffer
                0x20002267      0x100 _build/nrf51822_xxac_nrf_log_backend_serial.c.o
 *fill*         0x20002367        0x1 
 .bss.m_log_data
                0x20002368      0x418 _build/nrf51822_xxac_nrf_log_frontend.c.o
 .bss.m_evt_schedule_func
                0x20002780        0x4 _build/nrf51822_xxac_app_timer.c.o
 .bss.m_op_queue
                0x20002784        0x8 _build/nrf51822_xxac_app_timer.c.o
 .bss.m_rtc1_reset
                0x2000278c        0x1 _build/nrf51822_xxac_app_timer.c.o
 .bss.m_rtc1_running
                0x2000278d        0x1 _build/nrf51822_xxac_app_timer.c.o
 *fill*         0x2000278e        0x2 
 .bss.m_ticks_elapsed
                0x20002790        0x8 _build/nrf51822_xxac_app_timer.c.o
 .bss.m_ticks_elapsed_q_read_ind
                0x20002798        0x1 _build/nrf51822_xxac_app_timer.c.o
 .bss.m_ticks_elapsed_q_write_ind
                0x20002799        0x1 _build/nrf51822_xxac_app_timer.c.o
 *fill*         0x2000279a        0x2 
 .bss.m_ticks_latest
                0x2000279c        0x4 _build/nrf51822_xxac_app_timer.c.o
 .bss.mp_timer_id_head
                0x200027a0        0x4 _build/nrf51822_xxac_app_timer.c.o
 .bss.m_clock_cb
                0x200027a4       0x14 _build/nrf51822_xxac_nrf_drv_clock.c.o
 .bss.m_cb      0x200027b8       0x48 _build/nrf51822_xxac_nrf_drv_gpiote.c.o
 .bss.m_cb      0x20002800       0x20 _build/nrf51822_xxac_nrf_drv_spi.c.o
 .bss.m_cb      0x20002820       0x1c _build/nrf51822_xxac_nrf_drv_uart.c.o
 .bss.m_alert_timer_id_data
                0x2000283c       0x20 _build/nrf51822_xxac_bsp.c.o
 .bss.m_app_ticks_per_100ms
                0x2000285c        0x4 _build/nrf51822_xxac_bsp.c.o
 .bss.m_events_list
                0x20002860        0xc _build/nrf51822_xxac_bsp.c.o
 .bss.m_indication_type
                0x2000286c        0x4 _build/nrf51822_xxac_bsp.c.o
 .bss.m_leds_clear
                0x20002870        0x1 _build/nrf51822_xxac_bsp.c.o
 *fill*         0x20002871        0x3 
 .bss.m_leds_timer_id_data
                0x20002874       0x20 _build/nrf51822_xxac_bsp.c.o
 .bss.m_stable_state
                0x20002894        0x1 _build/nrf51822_xxac_bsp.c.o
 *fill*         0x20002895        0x3 
 .bss.m_error_handler
                0x20002898        0x4 _build/nrf51822_xxac_bsp_btn_ble.c.o
 .bss.m_num_connections
                0x2000289c        0x4 _build/nrf51822_xxac_bsp_btn_ble.c.o
 .bss.m_queue   0x200028a0       0x68 _build/nrf51822_xxac_fstorage.c.o
 .bss.APP_TIMER_BUF.8840
                0x20002908       0x78 _build/nrf51822_xxac_main.c.o
 .bss.accelerometer_counter_data_char
                0x20002980        0x1 _build/nrf51822_xxac_accelerometer_app.c.o
                0x20002980                accelerometer_counter_data_char
 *fill*         0x20002981        0x3 
 .bss.m_accel_pulling_data_id_data
                0x20002984       0x20 _build/nrf51822_xxac_accelerometer_app.c.o
 .bss.BLE_EVT_BUFFER.8912
                0x200029a4       0xd0 _build/nrf51822_xxac_ble_app.c.o
 .bss.m_adv_params
                0x20002a74       0x18 _build/nrf51822_xxac_ble_app.c.o
 .bss.m_gatt    0x20002a8c       0x14 _build/nrf51822_xxac_ble_app.c.o
 .bss.m_char_handle_accel_data
                0x20002aa0        0x8 _build/nrf51822_xxac_ble_custom_service.c.o
 .bss.m_char_handle_option
                0x20002aa8        0x8 _build/nrf51822_xxac_ble_custom_service.c.o
 .bss.m_char_value_accel_data
                0x20002ab0       0x18 _build/nrf51822_xxac_ble_custom_service.c.o
 .bss.m_char_value_option
                0x20002ac8        0x1 _build/nrf51822_xxac_ble_custom_service.c.o
 *fill*         0x20002ac9        0x1 
 .bss.m_service_handle
                0x20002aca        0x2 _build/nrf51822_xxac_ble_custom_service.c.o
 .bss.m_service_uuid
                0x20002acc        0x4 _build/nrf51822_xxac_ble_custom_service.c.o
 .bss.m_uuid_type
                0x20002ad0        0x1 _build/nrf51822_xxac_ble_custom_service.c.o
 .bss.m_adv_evt
                0x20002ad1        0x1 _build/nrf51822_xxac_ble_advertising.c.o
 .bss.m_adv_mode_current
                0x20002ad2        0x1 _build/nrf51822_xxac_ble_advertising.c.o
 *fill*         0x20002ad3        0x1 
 .bss.m_adv_modes_config
                0x20002ad4       0x20 _build/nrf51822_xxac_ble_advertising.c.o
 .bss.m_advdata
                0x20002af4       0x3c _build/nrf51822_xxac_ble_advertising.c.o
 .bss.m_advertising_start_pending
                0x20002b30        0x1 _build/nrf51822_xxac_ble_advertising.c.o
 *fill*         0x20002b31        0x1 
 .bss.m_current_slave_link_conn_handle
                0x20002b32        0x2 _build/nrf51822_xxac_ble_advertising.c.o
 .bss.m_error_handler
                0x20002b34        0x4 _build/nrf51822_xxac_ble_advertising.c.o
 .bss.m_evt_handler
                0x20002b38        0x4 _build/nrf51822_xxac_ble_advertising.c.o
 .bss.m_initialized
                0x20002b3c        0x1 _build/nrf51822_xxac_ble_advertising.c.o
 .bss.m_manuf_data_array
                0x20002b3d       0x1f _build/nrf51822_xxac_ble_advertising.c.o
 .bss.m_manuf_specific_data
                0x20002b5c        0xc _build/nrf51822_xxac_ble_advertising.c.o
 .bss.m_p_whitelist_addrs
                0x20002b68       0x20 _build/nrf51822_xxac_ble_advertising.c.o
 .bss.m_p_whitelist_irks
                0x20002b88       0x20 _build/nrf51822_xxac_ble_advertising.c.o
 .bss.m_peer_addr_reply_expected
                0x20002ba8        0x1 _build/nrf51822_xxac_ble_advertising.c.o
 .bss.m_peer_address
                0x20002ba9        0x7 _build/nrf51822_xxac_ble_advertising.c.o
 .bss.m_service_data
                0x20002bb0        0xc _build/nrf51822_xxac_ble_advertising.c.o
 .bss.m_service_data_array
                0x20002bbc       0x1f _build/nrf51822_xxac_ble_advertising.c.o
 *fill*         0x20002bdb        0x1 
 .bss.m_slave_conn_int
                0x20002bdc        0x4 _build/nrf51822_xxac_ble_advertising.c.o
 .bss.m_whitelist_addrs
                0x20002be0       0x38 _build/nrf51822_xxac_ble_advertising.c.o
 .bss.m_whitelist_irks
                0x20002c18       0x80 _build/nrf51822_xxac_ble_advertising.c.o
 .bss.m_whitelist_reply_expected
                0x20002c98        0x1 _build/nrf51822_xxac_ble_advertising.c.o
 .bss.m_whitelist_temporarily_disabled
                0x20002c99        0x1 _build/nrf51822_xxac_ble_advertising.c.o
 .bss.m_change_param
                0x20002c9a        0x1 _build/nrf51822_xxac_ble_conn_params.c.o
 *fill*         0x20002c9b        0x1 
 .bss.m_conn_handle
                0x20002c9c        0x2 _build/nrf51822_xxac_ble_conn_params.c.o
 *fill*         0x20002c9e        0x2 
 .bss.m_conn_params_config
                0x20002ca0       0x1c _build/nrf51822_xxac_ble_conn_params.c.o
 .bss.m_conn_params_timer_id_data
                0x20002cbc       0x20 _build/nrf51822_xxac_ble_conn_params.c.o
 .bss.m_current_conn_params
                0x20002cdc        0x8 _build/nrf51822_xxac_ble_conn_params.c.o
 .bss.m_preferred_conn_params
                0x20002ce4        0x8 _build/nrf51822_xxac_ble_conn_params.c.o
 .bss.m_update_count
                0x20002cec        0x1 _build/nrf51822_xxac_ble_conn_params.c.o
 *fill*         0x20002ced        0x3 
 .bss.m_bcs     0x20002cf0       0x34 _build/nrf51822_xxac_ble_conn_state.c.o
 .bss.m_ble_evt_buffer_size
                0x20002d24        0x2 _build/nrf51822_xxac_softdevice_handler.c.o
 *fill*         0x20002d26        0x2 
 .bss.m_ble_evt_handler
                0x20002d28        0x4 _build/nrf51822_xxac_softdevice_handler.c.o
 .bss.m_evt_schedule_func
                0x20002d2c        0x4 _build/nrf51822_xxac_softdevice_handler.c.o
 .bss.m_softdevice_enabled
                0x20002d30        0x1 _build/nrf51822_xxac_softdevice_handler.c.o
 .bss.m_suspended
                0x20002d31        0x1 _build/nrf51822_xxac_softdevice_handler.c.o
 *fill*         0x20002d32        0x2 
 .bss.m_sys_evt_handler
                0x20002d34        0x4 _build/nrf51822_xxac_softdevice_handler.c.o
 .bss.mp_ble_evt_buffer
                0x20002d38        0x4 _build/nrf51822_xxac_softdevice_handler.c.o
 .bss.m_evt_handler
                0x20002d3c        0x4 _build/nrf51822_xxac_ble_radio_notification.c.o
 .bss.m_radio_active
                0x20002d40        0x1 _build/nrf51822_xxac_ble_radio_notification.c.o
 *fill*         0x20002d41        0x3 
 .bss.__malloc_free_list
                0x20002d44        0x4 c:/program files (x86)/gnu tools arm embedded/6 2017-q2-update/bin/../lib/gcc/arm-none-eabi/6.3.1/../../../../arm-none-eabi/lib/thumb/v6-m\libc_nano.a(lib_a-nano-mallocr.o)
                0x20002d44                __malloc_free_list
 .bss.__malloc_sbrk_start
                0x20002d48        0x4 c:/program files (x86)/gnu tools arm embedded/6 2017-q2-update/bin/../lib/gcc/arm-none-eabi/6.3.1/../../../../arm-none-eabi/lib/thumb/v6-m\libc_nano.a(lib_a-nano-mallocr.o)
                0x20002d48                __malloc_sbrk_start
 .bss.heap_end.4116
                0x20002d4c        0x4 c:/program files (x86)/gnu tools arm embedded/6 2017-q2-update/bin/../lib/gcc/arm-none-eabi/6.3.1/../../../../arm-none-eabi/lib/thumb/v6-m\libnosys.a(sbrk.o)
 *(COMMON)
 COMMON         0x20002d50        0x8 _build/nrf51822_xxac_app_util_platform.c.o
                0x20002d50                nrf_nvic_state
 COMMON         0x20002d58       0x38 _build/nrf51822_xxac_accelerometer_app.c.o
                0x20002d58                ACCELERO_Data
                0x20002d60                LIS2DH12_0_Data
                0x20002d64                accelHandle
                0x20002d78                accelerometer_data_char
 COMMON         0x20002d90        0x2 _build/nrf51822_xxac_ble_app.c.o
                0x20002d90                c_conn_handleT
 *fill*         0x20002d92        0x2 
 COMMON         0x20002d94        0x4 c:/program files (x86)/gnu tools arm embedded/6 2017-q2-update/bin/../lib/gcc/arm-none-eabi/6.3.1/../../../../arm-none-eabi/lib/thumb/v6-m\libc_nano.a(lib_a-reent.o)
                0x20002d94                errno
                0x20002d98                . = ALIGN (0x4)
                0x20002d98                __bss_end__ = .

.heap           0x20002d98      0x800
                0x20002d98                __HeapBase = .
                0x20002d98                __end__ = .
                0x20002d98                PROVIDE (end, .)
 *(.heap*)
 .heap          0x20002d98      0x800 _build/nrf51822_xxac_gcc_startup_nrf51.S.o
                0x20003598                __HeapLimit = .

.stack_dummy    0x20002d98      0x800
 *(.stack*)
 .stack         0x20002d98      0x800 _build/nrf51822_xxac_gcc_startup_nrf51.S.o
                0x20004000                __StackTop = (ORIGIN (RAM) + LENGTH (RAM))
                0x20003800                __StackLimit = (__StackTop - SIZEOF (.stack_dummy))
                0x20004000                PROVIDE (__stack, __StackTop)
                0x00000001                ASSERT ((__StackLimit >= __HeapLimit), region RAM overflowed with stack)
OUTPUT(_build/nrf51822_xxac.out elf32-littlearm)

.ARM.attributes
                0x00000000       0x28
 .ARM.attributes
                0x00000000       0x1e c:/program files (x86)/gnu tools arm embedded/6 2017-q2-update/bin/../lib/gcc/arm-none-eabi/6.3.1/thumb/v6-m/crti.o
 .ARM.attributes
                0x0000001e       0x2c c:/program files (x86)/gnu tools arm embedded/6 2017-q2-update/bin/../lib/gcc/arm-none-eabi/6.3.1/thumb/v6-m/crtbegin.o
 .ARM.attributes
                0x0000004a       0x1b c:/program files (x86)/gnu tools arm embedded/6 2017-q2-update/bin/../lib/gcc/arm-none-eabi/6.3.1/../../../../arm-none-eabi/lib/thumb/v6-m/crt0.o
 .ARM.attributes
                0x00000065       0x2c c:/program files (x86)/gnu tools arm embedded/6 2017-q2-update/bin/../lib/gcc/arm-none-eabi/6.3.1/../../../../arm-none-eabi/lib/thumb/v6-m\libc_nano.a(lib_a-exit.o)
 .ARM.attributes
                0x00000091       0x2c c:/program files (x86)/gnu tools arm embedded/6 2017-q2-update/bin/../lib/gcc/arm-none-eabi/6.3.1/../../../../arm-none-eabi/lib/thumb/v6-m\libc_nano.a(lib_a-impure.o)
 .ARM.attributes
                0x000000bd       0x2c c:/program files (x86)/gnu tools arm embedded/6 2017-q2-update/bin/../lib/gcc/arm-none-eabi/6.3.1/../../../../arm-none-eabi/lib/thumb/v6-m\libc_nano.a(lib_a-init.o)
 .ARM.attributes
                0x000000e9       0x2c c:/program files (x86)/gnu tools arm embedded/6 2017-q2-update/bin/../lib/gcc/arm-none-eabi/6.3.1/../../../../arm-none-eabi/lib/thumb/v6-m\libc_nano.a(lib_a-memset.o)
 .ARM.attributes
                0x00000115       0x2c c:/program files (x86)/gnu tools arm embedded/6 2017-q2-update/bin/../lib/gcc/arm-none-eabi/6.3.1/../../../../arm-none-eabi/lib/thumb/v6-m\libnosys.a(_exit.o)
 .ARM.attributes
                0x00000141       0x31 _build/nrf51822_xxac_nrf_log_backend_serial.c.o
 .ARM.attributes
                0x00000172       0x31 _build/nrf51822_xxac_nrf_log_frontend.c.o
 .ARM.attributes
                0x000001a3       0x31 _build/nrf51822_xxac_app_error.c.o
 .ARM.attributes
                0x000001d4       0x31 _build/nrf51822_xxac_app_error_weak.c.o
 .ARM.attributes
                0x00000205       0x31 _build/nrf51822_xxac_app_timer.c.o
 .ARM.attributes
                0x00000236       0x31 _build/nrf51822_xxac_app_util_platform.c.o
 .ARM.attributes
                0x00000267       0x31 _build/nrf51822_xxac_sdk_mapped_flags.c.o
 .ARM.attributes
                0x00000298       0x31 _build/nrf51822_xxac_boards.c.o
 .ARM.attributes
                0x000002c9       0x31 _build/nrf51822_xxac_nrf_drv_clock.c.o
 .ARM.attributes
                0x000002fa       0x31 _build/nrf51822_xxac_nrf_drv_common.c.o
 .ARM.attributes
                0x0000032b       0x31 _build/nrf51822_xxac_nrf_drv_gpiote.c.o
 .ARM.attributes
                0x0000035c       0x31 _build/nrf51822_xxac_nrf_drv_spi.c.o
 .ARM.attributes
                0x0000038d       0x31 _build/nrf51822_xxac_nrf_drv_uart.c.o
 .ARM.attributes
                0x000003be       0x31 _build/nrf51822_xxac_bsp.c.o
 .ARM.attributes
                0x000003ef       0x31 _build/nrf51822_xxac_bsp_btn_ble.c.o
 .ARM.attributes
                0x00000420       0x31 _build/nrf51822_xxac_fstorage.c.o
 .ARM.attributes
                0x00000451       0x31 _build/nrf51822_xxac_main.c.o
 .ARM.attributes
                0x00000482       0x31 _build/nrf51822_xxac_accelerometer_app.c.o
 .ARM.attributes
                0x000004b3       0x31 _build/nrf51822_xxac_ble_app.c.o
 .ARM.attributes
                0x000004e4       0x31 _build/nrf51822_xxac_ble_custom_service.c.o
 .ARM.attributes
                0x00000515       0x31 _build/nrf51822_xxac_ble_advdata.c.o
 .ARM.attributes
                0x00000546       0x31 _build/nrf51822_xxac_ble_advertising.c.o
 .ARM.attributes
                0x00000577       0x31 _build/nrf51822_xxac_nrf_ble_gatt.c.o
 .ARM.attributes
                0x000005a8       0x31 _build/nrf51822_xxac_ble_conn_params.c.o
 .ARM.attributes
                0x000005d9       0x31 _build/nrf51822_xxac_ble_conn_state.c.o
 .ARM.attributes
                0x0000060a       0x31 _build/nrf51822_xxac_ble_srv_common.c.o
 .ARM.attributes
                0x0000063b       0x1b _build/nrf51822_xxac_gcc_startup_nrf51.S.o
 .ARM.attributes
                0x00000656       0x31 _build/nrf51822_xxac_system_nrf51.c.o
 .ARM.attributes
                0x00000687       0x31 _build/nrf51822_xxac_softdevice_handler.c.o
 .ARM.attributes
                0x000006b8       0x31 _build/nrf51822_xxac_ble_radio_notification.c.o
 .ARM.attributes
                0x000006e9       0x31 _build/nrf51822_xxac_LIS2DH12_ACC_driver_HL.c.o
 .ARM.attributes
                0x0000071a       0x31 _build/nrf51822_xxac_LIS2DH12_ACC_driver.c.o
 .ARM.attributes
                0x0000074b       0x1e c:/program files (x86)/gnu tools arm embedded/6 2017-q2-update/bin/../lib/gcc/arm-none-eabi/6.3.1/thumb/v6-m\libgcc.a(_thumb1_case_uqi.o)
 .ARM.attributes
                0x00000769       0x1e c:/program files (x86)/gnu tools arm embedded/6 2017-q2-update/bin/../lib/gcc/arm-none-eabi/6.3.1/thumb/v6-m\libgcc.a(_thumb1_case_shi.o)
 .ARM.attributes
                0x00000787       0x1e c:/program files (x86)/gnu tools arm embedded/6 2017-q2-update/bin/../lib/gcc/arm-none-eabi/6.3.1/thumb/v6-m\libgcc.a(_udivsi3.o)
 .ARM.attributes
                0x000007a5       0x1e c:/program files (x86)/gnu tools arm embedded/6 2017-q2-update/bin/../lib/gcc/arm-none-eabi/6.3.1/thumb/v6-m\libgcc.a(_divsi3.o)
 .ARM.attributes
                0x000007c3       0x1e c:/program files (x86)/gnu tools arm embedded/6 2017-q2-update/bin/../lib/gcc/arm-none-eabi/6.3.1/thumb/v6-m\libgcc.a(_dvmd_tls.o)
 .ARM.attributes
                0x000007e1       0x1e c:/program files (x86)/gnu tools arm embedded/6 2017-q2-update/bin/../lib/gcc/arm-none-eabi/6.3.1/thumb/v6-m\libgcc.a(_arm_cmpsf2.o)
 .ARM.attributes
                0x000007ff       0x2c c:/program files (x86)/gnu tools arm embedded/6 2017-q2-update/bin/../lib/gcc/arm-none-eabi/6.3.1/thumb/v6-m\libgcc.a(eqsf2.o)
 .ARM.attributes
                0x0000082b       0x2c c:/program files (x86)/gnu tools arm embedded/6 2017-q2-update/bin/../lib/gcc/arm-none-eabi/6.3.1/thumb/v6-m\libgcc.a(gesf2.o)
 .ARM.attributes
                0x00000857       0x2c c:/program files (x86)/gnu tools arm embedded/6 2017-q2-update/bin/../lib/gcc/arm-none-eabi/6.3.1/thumb/v6-m\libgcc.a(lesf2.o)
 .ARM.attributes
                0x00000883       0x2c c:/program files (x86)/gnu tools arm embedded/6 2017-q2-update/bin/../lib/gcc/arm-none-eabi/6.3.1/thumb/v6-m\libgcc.a(mulsf3.o)
 .ARM.attributes
                0x000008af       0x2c c:/program files (x86)/gnu tools arm embedded/6 2017-q2-update/bin/../lib/gcc/arm-none-eabi/6.3.1/thumb/v6-m\libgcc.a(fixsfsi.o)
 .ARM.attributes
                0x000008db       0x2c c:/program files (x86)/gnu tools arm embedded/6 2017-q2-update/bin/../lib/gcc/arm-none-eabi/6.3.1/thumb/v6-m\libgcc.a(floatsisf.o)
 .ARM.attributes
                0x00000907       0x1e c:/program files (x86)/gnu tools arm embedded/6 2017-q2-update/bin/../lib/gcc/arm-none-eabi/6.3.1/thumb/v6-m\libgcc.a(_clzsi2.o)
 .ARM.attributes
                0x00000925       0x2c c:/program files (x86)/gnu tools arm embedded/6 2017-q2-update/bin/../lib/gcc/arm-none-eabi/6.3.1/../../../../arm-none-eabi/lib/thumb/v6-m\libc_nano.a(lib_a-locale.o)
 .ARM.attributes
                0x00000951       0x2c c:/program files (x86)/gnu tools arm embedded/6 2017-q2-update/bin/../lib/gcc/arm-none-eabi/6.3.1/../../../../arm-none-eabi/lib/thumb/v6-m\libc_nano.a(lib_a-mbtowc_r.o)
 .ARM.attributes
                0x0000097d       0x2c c:/program files (x86)/gnu tools arm embedded/6 2017-q2-update/bin/../lib/gcc/arm-none-eabi/6.3.1/../../../../arm-none-eabi/lib/thumb/v6-m\libc_nano.a(lib_a-memcpy-stub.o)
 .ARM.attributes
                0x000009a9       0x2c c:/program files (x86)/gnu tools arm embedded/6 2017-q2-update/bin/../lib/gcc/arm-none-eabi/6.3.1/../../../../arm-none-eabi/lib/thumb/v6-m\libc_nano.a(lib_a-snprintf.o)
 .ARM.attributes
                0x000009d5       0x1c c:/program files (x86)/gnu tools arm embedded/6 2017-q2-update/bin/../lib/gcc/arm-none-eabi/6.3.1/../../../../arm-none-eabi/lib/thumb/v6-m\libc_nano.a(lib_a-strlen.o)
 .ARM.attributes
                0x000009f1       0x2c c:/program files (x86)/gnu tools arm embedded/6 2017-q2-update/bin/../lib/gcc/arm-none-eabi/6.3.1/../../../../arm-none-eabi/lib/thumb/v6-m\libc_nano.a(lib_a-wctomb_r.o)
 .ARM.attributes
                0x00000a1d       0x2c c:/program files (x86)/gnu tools arm embedded/6 2017-q2-update/bin/../lib/gcc/arm-none-eabi/6.3.1/../../../../arm-none-eabi/lib/thumb/v6-m\libc_nano.a(lib_a-ctype_.o)
 .ARM.attributes
                0x00000a49       0x2c c:/program files (x86)/gnu tools arm embedded/6 2017-q2-update/bin/../lib/gcc/arm-none-eabi/6.3.1/../../../../arm-none-eabi/lib/thumb/v6-m\libc_nano.a(lib_a-nano-svfprintf.o)
 .ARM.attributes
                0x00000a75       0x2c c:/program files (x86)/gnu tools arm embedded/6 2017-q2-update/bin/../lib/gcc/arm-none-eabi/6.3.1/../../../../arm-none-eabi/lib/thumb/v6-m\libc_nano.a(lib_a-nano-vfprintf_i.o)
 .ARM.attributes
                0x00000aa1       0x2c c:/program files (x86)/gnu tools arm embedded/6 2017-q2-update/bin/../lib/gcc/arm-none-eabi/6.3.1/../../../../arm-none-eabi/lib/thumb/v6-m\libc_nano.a(lib_a-memchr-stub.o)
 .ARM.attributes
                0x00000acd       0x2c c:/program files (x86)/gnu tools arm embedded/6 2017-q2-update/bin/../lib/gcc/arm-none-eabi/6.3.1/../../../../arm-none-eabi/lib/thumb/v6-m\libc_nano.a(lib_a-memmove.o)
 .ARM.attributes
                0x00000af9       0x2c c:/program files (x86)/gnu tools arm embedded/6 2017-q2-update/bin/../lib/gcc/arm-none-eabi/6.3.1/../../../../arm-none-eabi/lib/thumb/v6-m\libc_nano.a(lib_a-nano-freer.o)
 .ARM.attributes
                0x00000b25       0x2c c:/program files (x86)/gnu tools arm embedded/6 2017-q2-update/bin/../lib/gcc/arm-none-eabi/6.3.1/../../../../arm-none-eabi/lib/thumb/v6-m\libc_nano.a(lib_a-nano-mallocr.o)
 .ARM.attributes
                0x00000b51       0x2c c:/program files (x86)/gnu tools arm embedded/6 2017-q2-update/bin/../lib/gcc/arm-none-eabi/6.3.1/../../../../arm-none-eabi/lib/thumb/v6-m\libc_nano.a(lib_a-nano-reallocr.o)
 .ARM.attributes
                0x00000b7d       0x2c c:/program files (x86)/gnu tools arm embedded/6 2017-q2-update/bin/../lib/gcc/arm-none-eabi/6.3.1/../../../../arm-none-eabi/lib/thumb/v6-m\libc_nano.a(lib_a-sbrkr.o)
 .ARM.attributes
                0x00000ba9       0x2c c:/program files (x86)/gnu tools arm embedded/6 2017-q2-update/bin/../lib/gcc/arm-none-eabi/6.3.1/../../../../arm-none-eabi/lib/thumb/v6-m\libc_nano.a(lib_a-mlock.o)
 .ARM.attributes
                0x00000bd5       0x2c c:/program files (x86)/gnu tools arm embedded/6 2017-q2-update/bin/../lib/gcc/arm-none-eabi/6.3.1/../../../../arm-none-eabi/lib/thumb/v6-m\libc_nano.a(lib_a-nano-msizer.o)
 .ARM.attributes
                0x00000c01       0x2c c:/program files (x86)/gnu tools arm embedded/6 2017-q2-update/bin/../lib/gcc/arm-none-eabi/6.3.1/../../../../arm-none-eabi/lib/thumb/v6-m\libc_nano.a(lib_a-reent.o)
 .ARM.attributes
                0x00000c2d       0x2c c:/program files (x86)/gnu tools arm embedded/6 2017-q2-update/bin/../lib/gcc/arm-none-eabi/6.3.1/thumb/v6-m/crtend.o
 .ARM.attributes
                0x00000c59       0x1e c:/program files (x86)/gnu tools arm embedded/6 2017-q2-update/bin/../lib/gcc/arm-none-eabi/6.3.1/thumb/v6-m/crtn.o
 .ARM.attributes
                0x00000c77       0x2c c:/program files (x86)/gnu tools arm embedded/6 2017-q2-update/bin/../lib/gcc/arm-none-eabi/6.3.1/../../../../arm-none-eabi/lib/thumb/v6-m\libnosys.a(sbrk.o)

.comment        0x00000000       0x7f
 .comment       0x00000000       0x7f _build/nrf51822_xxac_nrf_log_backend_serial.c.o
                                 0x80 (size before relaxing)
 .comment       0x0000007f       0x80 _build/nrf51822_xxac_nrf_log_frontend.c.o
 .comment       0x0000007f       0x80 _build/nrf51822_xxac_app_error.c.o
 .comment       0x0000007f       0x80 _build/nrf51822_xxac_app_error_weak.c.o
 .comment       0x0000007f       0x80 _build/nrf51822_xxac_app_timer.c.o
 .comment       0x0000007f       0x80 _build/nrf51822_xxac_app_util_platform.c.o
 .comment       0x0000007f       0x80 _build/nrf51822_xxac_sdk_mapped_flags.c.o
 .comment       0x0000007f       0x80 _build/nrf51822_xxac_boards.c.o
 .comment       0x0000007f       0x80 _build/nrf51822_xxac_nrf_drv_clock.c.o
 .comment       0x0000007f       0x80 _build/nrf51822_xxac_nrf_drv_common.c.o
 .comment       0x0000007f       0x80 _build/nrf51822_xxac_nrf_drv_gpiote.c.o
 .comment       0x0000007f       0x80 _build/nrf51822_xxac_nrf_drv_spi.c.o
 .comment       0x0000007f       0x80 _build/nrf51822_xxac_nrf_drv_uart.c.o
 .comment       0x0000007f       0x80 _build/nrf51822_xxac_bsp.c.o
 .comment       0x0000007f       0x80 _build/nrf51822_xxac_bsp_btn_ble.c.o
 .comment       0x0000007f       0x80 _build/nrf51822_xxac_fstorage.c.o
 .comment       0x0000007f       0x80 _build/nrf51822_xxac_main.c.o
 .comment       0x0000007f       0x80 _build/nrf51822_xxac_accelerometer_app.c.o
 .comment       0x0000007f       0x80 _build/nrf51822_xxac_ble_app.c.o
 .comment       0x0000007f       0x80 _build/nrf51822_xxac_ble_custom_service.c.o
 .comment       0x0000007f       0x80 _build/nrf51822_xxac_ble_advdata.c.o
 .comment       0x0000007f       0x80 _build/nrf51822_xxac_ble_advertising.c.o
 .comment       0x0000007f       0x80 _build/nrf51822_xxac_nrf_ble_gatt.c.o
 .comment       0x0000007f       0x80 _build/nrf51822_xxac_ble_conn_params.c.o
 .comment       0x0000007f       0x80 _build/nrf51822_xxac_ble_conn_state.c.o
 .comment       0x0000007f       0x80 _build/nrf51822_xxac_ble_srv_common.c.o
 .comment       0x0000007f       0x80 _build/nrf51822_xxac_system_nrf51.c.o
 .comment       0x0000007f       0x80 _build/nrf51822_xxac_softdevice_handler.c.o
 .comment       0x0000007f       0x80 _build/nrf51822_xxac_ble_radio_notification.c.o
 .comment       0x0000007f       0x80 _build/nrf51822_xxac_LIS2DH12_ACC_driver_HL.c.o
 .comment       0x0000007f       0x80 _build/nrf51822_xxac_LIS2DH12_ACC_driver.c.o

.debug_frame    0x00000000     0x2c68
 .debug_frame   0x00000000       0x28 c:/program files (x86)/gnu tools arm embedded/6 2017-q2-update/bin/../lib/gcc/arm-none-eabi/6.3.1/../../../../arm-none-eabi/lib/thumb/v6-m\libc_nano.a(lib_a-exit.o)
 .debug_frame   0x00000028       0x2c c:/program files (x86)/gnu tools arm embedded/6 2017-q2-update/bin/../lib/gcc/arm-none-eabi/6.3.1/../../../../arm-none-eabi/lib/thumb/v6-m\libc_nano.a(lib_a-init.o)
 .debug_frame   0x00000054       0x20 c:/program files (x86)/gnu tools arm embedded/6 2017-q2-update/bin/../lib/gcc/arm-none-eabi/6.3.1/../../../../arm-none-eabi/lib/thumb/v6-m\libc_nano.a(lib_a-memset.o)
 .debug_frame   0x00000074       0x20 c:/program files (x86)/gnu tools arm embedded/6 2017-q2-update/bin/../lib/gcc/arm-none-eabi/6.3.1/../../../../arm-none-eabi/lib/thumb/v6-m\libnosys.a(_exit.o)
 .debug_frame   0x00000094       0xc8 _build/nrf51822_xxac_nrf_log_backend_serial.c.o
 .debug_frame   0x0000015c      0x1f4 _build/nrf51822_xxac_nrf_log_frontend.c.o
 .debug_frame   0x00000350       0x6c _build/nrf51822_xxac_app_error.c.o
 .debug_frame   0x000003bc       0x28 _build/nrf51822_xxac_app_error_weak.c.o
 .debug_frame   0x000003e4      0x160 _build/nrf51822_xxac_app_timer.c.o
 .debug_frame   0x00000544       0x64 _build/nrf51822_xxac_app_util_platform.c.o
 .debug_frame   0x000005a8       0xb0 _build/nrf51822_xxac_sdk_mapped_flags.c.o
 .debug_frame   0x00000658       0xf0 _build/nrf51822_xxac_boards.c.o
 .debug_frame   0x00000748      0x208 _build/nrf51822_xxac_nrf_drv_clock.c.o
 .debug_frame   0x00000950       0x40 _build/nrf51822_xxac_nrf_drv_common.c.o
 .debug_frame   0x00000990      0x20c _build/nrf51822_xxac_nrf_drv_gpiote.c.o
 .debug_frame   0x00000b9c       0xcc _build/nrf51822_xxac_nrf_drv_spi.c.o
 .debug_frame   0x00000c68      0x14c _build/nrf51822_xxac_nrf_drv_uart.c.o
 .debug_frame   0x00000db4      0x150 _build/nrf51822_xxac_bsp.c.o
 .debug_frame   0x00000f04       0x70 _build/nrf51822_xxac_bsp_btn_ble.c.o
 .debug_frame   0x00000f74      0x170 _build/nrf51822_xxac_fstorage.c.o
 .debug_frame   0x000010e4       0x48 _build/nrf51822_xxac_main.c.o
 .debug_frame   0x0000112c       0x7c _build/nrf51822_xxac_accelerometer_app.c.o
 .debug_frame   0x000011a8      0x1c4 _build/nrf51822_xxac_ble_app.c.o
 .debug_frame   0x0000136c       0xcc _build/nrf51822_xxac_ble_custom_service.c.o
 .debug_frame   0x00001438       0xe0 _build/nrf51822_xxac_ble_advdata.c.o
 .debug_frame   0x00001518       0xf4 _build/nrf51822_xxac_ble_advertising.c.o
 .debug_frame   0x0000160c       0x60 _build/nrf51822_xxac_nrf_ble_gatt.c.o
 .debug_frame   0x0000166c       0xf8 _build/nrf51822_xxac_ble_conn_params.c.o
 .debug_frame   0x00001764      0x1dc _build/nrf51822_xxac_ble_conn_state.c.o
 .debug_frame   0x00001940       0xd4 _build/nrf51822_xxac_ble_srv_common.c.o
 .debug_frame   0x00001a14       0x38 _build/nrf51822_xxac_system_nrf51.c.o
 .debug_frame   0x00001a4c      0x1b0 _build/nrf51822_xxac_softdevice_handler.c.o
 .debug_frame   0x00001bfc       0x54 _build/nrf51822_xxac_ble_radio_notification.c.o
 .debug_frame   0x00001c50      0x348 _build/nrf51822_xxac_LIS2DH12_ACC_driver_HL.c.o
 .debug_frame   0x00001f98      0x798 _build/nrf51822_xxac_LIS2DH12_ACC_driver.c.o
 .debug_frame   0x00002730       0x20 c:/program files (x86)/gnu tools arm embedded/6 2017-q2-update/bin/../lib/gcc/arm-none-eabi/6.3.1/thumb/v6-m\libgcc.a(_udivsi3.o)
 .debug_frame   0x00002750       0x20 c:/program files (x86)/gnu tools arm embedded/6 2017-q2-update/bin/../lib/gcc/arm-none-eabi/6.3.1/thumb/v6-m\libgcc.a(_divsi3.o)
 .debug_frame   0x00002770       0x2c c:/program files (x86)/gnu tools arm embedded/6 2017-q2-update/bin/../lib/gcc/arm-none-eabi/6.3.1/thumb/v6-m\libgcc.a(eqsf2.o)
 .debug_frame   0x0000279c       0x30 c:/program files (x86)/gnu tools arm embedded/6 2017-q2-update/bin/../lib/gcc/arm-none-eabi/6.3.1/thumb/v6-m\libgcc.a(gesf2.o)
 .debug_frame   0x000027cc       0x30 c:/program files (x86)/gnu tools arm embedded/6 2017-q2-update/bin/../lib/gcc/arm-none-eabi/6.3.1/thumb/v6-m\libgcc.a(lesf2.o)
 .debug_frame   0x000027fc       0x3c c:/program files (x86)/gnu tools arm embedded/6 2017-q2-update/bin/../lib/gcc/arm-none-eabi/6.3.1/thumb/v6-m\libgcc.a(mulsf3.o)
 .debug_frame   0x00002838       0x20 c:/program files (x86)/gnu tools arm embedded/6 2017-q2-update/bin/../lib/gcc/arm-none-eabi/6.3.1/thumb/v6-m\libgcc.a(fixsfsi.o)
 .debug_frame   0x00002858       0x2c c:/program files (x86)/gnu tools arm embedded/6 2017-q2-update/bin/../lib/gcc/arm-none-eabi/6.3.1/thumb/v6-m\libgcc.a(floatsisf.o)
 .debug_frame   0x00002884       0x74 c:/program files (x86)/gnu tools arm embedded/6 2017-q2-update/bin/../lib/gcc/arm-none-eabi/6.3.1/../../../../arm-none-eabi/lib/thumb/v6-m\libc_nano.a(lib_a-locale.o)
 .debug_frame   0x000028f8       0x44 c:/program files (x86)/gnu tools arm embedded/6 2017-q2-update/bin/../lib/gcc/arm-none-eabi/6.3.1/../../../../arm-none-eabi/lib/thumb/v6-m\libc_nano.a(lib_a-mbtowc_r.o)
 .debug_frame   0x0000293c       0x28 c:/program files (x86)/gnu tools arm embedded/6 2017-q2-update/bin/../lib/gcc/arm-none-eabi/6.3.1/../../../../arm-none-eabi/lib/thumb/v6-m\libc_nano.a(lib_a-memcpy-stub.o)
 .debug_frame   0x00002964       0x50 c:/program files (x86)/gnu tools arm embedded/6 2017-q2-update/bin/../lib/gcc/arm-none-eabi/6.3.1/../../../../arm-none-eabi/lib/thumb/v6-m\libc_nano.a(lib_a-snprintf.o)
 .debug_frame   0x000029b4       0x38 c:/program files (x86)/gnu tools arm embedded/6 2017-q2-update/bin/../lib/gcc/arm-none-eabi/6.3.1/../../../../arm-none-eabi/lib/thumb/v6-m\libc_nano.a(lib_a-wctomb_r.o)
 .debug_frame   0x000029ec       0x74 c:/program files (x86)/gnu tools arm embedded/6 2017-q2-update/bin/../lib/gcc/arm-none-eabi/6.3.1/../../../../arm-none-eabi/lib/thumb/v6-m\libc_nano.a(lib_a-nano-svfprintf.o)
 .debug_frame   0x00002a60       0x54 c:/program files (x86)/gnu tools arm embedded/6 2017-q2-update/bin/../lib/gcc/arm-none-eabi/6.3.1/../../../../arm-none-eabi/lib/thumb/v6-m\libc_nano.a(lib_a-nano-vfprintf_i.o)
 .debug_frame   0x00002ab4       0x20 c:/program files (x86)/gnu tools arm embedded/6 2017-q2-update/bin/../lib/gcc/arm-none-eabi/6.3.1/../../../../arm-none-eabi/lib/thumb/v6-m\libc_nano.a(lib_a-memchr-stub.o)
 .debug_frame   0x00002ad4       0x28 c:/program files (x86)/gnu tools arm embedded/6 2017-q2-update/bin/../lib/gcc/arm-none-eabi/6.3.1/../../../../arm-none-eabi/lib/thumb/v6-m\libc_nano.a(lib_a-memmove.o)
 .debug_frame   0x00002afc       0x2c c:/program files (x86)/gnu tools arm embedded/6 2017-q2-update/bin/../lib/gcc/arm-none-eabi/6.3.1/../../../../arm-none-eabi/lib/thumb/v6-m\libc_nano.a(lib_a-nano-freer.o)
 .debug_frame   0x00002b28       0x2c c:/program files (x86)/gnu tools arm embedded/6 2017-q2-update/bin/../lib/gcc/arm-none-eabi/6.3.1/../../../../arm-none-eabi/lib/thumb/v6-m\libc_nano.a(lib_a-nano-mallocr.o)
 .debug_frame   0x00002b54       0x30 c:/program files (x86)/gnu tools arm embedded/6 2017-q2-update/bin/../lib/gcc/arm-none-eabi/6.3.1/../../../../arm-none-eabi/lib/thumb/v6-m\libc_nano.a(lib_a-nano-reallocr.o)
 .debug_frame   0x00002b84       0x2c c:/program files (x86)/gnu tools arm embedded/6 2017-q2-update/bin/../lib/gcc/arm-none-eabi/6.3.1/../../../../arm-none-eabi/lib/thumb/v6-m\libc_nano.a(lib_a-sbrkr.o)
 .debug_frame   0x00002bb0       0x30 c:/program files (x86)/gnu tools arm embedded/6 2017-q2-update/bin/../lib/gcc/arm-none-eabi/6.3.1/../../../../arm-none-eabi/lib/thumb/v6-m\libc_nano.a(lib_a-mlock.o)
 .debug_frame   0x00002be0       0x20 c:/program files (x86)/gnu tools arm embedded/6 2017-q2-update/bin/../lib/gcc/arm-none-eabi/6.3.1/../../../../arm-none-eabi/lib/thumb/v6-m\libc_nano.a(lib_a-nano-msizer.o)
 .debug_frame   0x00002c00       0x48 c:/program files (x86)/gnu tools arm embedded/6 2017-q2-update/bin/../lib/gcc/arm-none-eabi/6.3.1/../../../../arm-none-eabi/lib/thumb/v6-m\libc_nano.a(lib_a-reent.o)
 .debug_frame   0x00002c48       0x20 c:/program files (x86)/gnu tools arm embedded/6 2017-q2-update/bin/../lib/gcc/arm-none-eabi/6.3.1/../../../../arm-none-eabi/lib/thumb/v6-m\libnosys.a(sbrk.o)

.debug_info     0x00000000    0x362a5
 .debug_info    0x00000000     0x1ae8 _build/nrf51822_xxac_nrf_log_backend_serial.c.o
 .debug_info    0x00001ae8     0x18cb _build/nrf51822_xxac_nrf_log_frontend.c.o
 .debug_info    0x000033b3      0xbf0 _build/nrf51822_xxac_app_error.c.o
 .debug_info    0x00003fa3      0xb0d _build/nrf51822_xxac_app_error_weak.c.o
 .debug_info    0x00004ab0     0x2111 _build/nrf51822_xxac_app_timer.c.o
 .debug_info    0x00006bc1      0xda9 _build/nrf51822_xxac_app_util_platform.c.o
 .debug_info    0x0000796a      0x4c8 _build/nrf51822_xxac_sdk_mapped_flags.c.o
 .debug_info    0x00007e32     0x1373 _build/nrf51822_xxac_boards.c.o
 .debug_info    0x000091a5     0x1bda _build/nrf51822_xxac_nrf_drv_clock.c.o
 .debug_info    0x0000ad7f      0xd6b _build/nrf51822_xxac_nrf_drv_common.c.o
 .debug_info    0x0000baea     0x29fe _build/nrf51822_xxac_nrf_drv_gpiote.c.o
 .debug_info    0x0000e4e8     0x20bd _build/nrf51822_xxac_nrf_drv_spi.c.o
 .debug_info    0x000105a5     0x327d _build/nrf51822_xxac_nrf_drv_uart.c.o
 .debug_info    0x00013822     0x16fa _build/nrf51822_xxac_bsp.c.o
 .debug_info    0x00014f1c     0x1eb8 _build/nrf51822_xxac_bsp_btn_ble.c.o
 .debug_info    0x00016dd4     0x1792 _build/nrf51822_xxac_fstorage.c.o
 .debug_info    0x00018566     0x132e _build/nrf51822_xxac_main.c.o
 .debug_info    0x00019894     0x12d5 _build/nrf51822_xxac_accelerometer_app.c.o
 .debug_info    0x0001ab69     0x3b05 _build/nrf51822_xxac_ble_app.c.o
 .debug_info    0x0001e66e     0x2c8f _build/nrf51822_xxac_ble_custom_service.c.o
 .debug_info    0x000212fd     0x1ab7 _build/nrf51822_xxac_ble_advdata.c.o
 .debug_info    0x00022db4     0x2be7 _build/nrf51822_xxac_ble_advertising.c.o
 .debug_info    0x0002599b     0x1d02 _build/nrf51822_xxac_nrf_ble_gatt.c.o
 .debug_info    0x0002769d     0x243e _build/nrf51822_xxac_ble_conn_params.c.o
 .debug_info    0x00029adb     0x24bc _build/nrf51822_xxac_ble_conn_state.c.o
 .debug_info    0x0002bf97     0x14ae _build/nrf51822_xxac_ble_srv_common.c.o
 .debug_info    0x0002d445      0x1e9 _build/nrf51822_xxac_system_nrf51.c.o
 .debug_info    0x0002d62e     0x2e53 _build/nrf51822_xxac_softdevice_handler.c.o
 .debug_info    0x00030481      0xc8e _build/nrf51822_xxac_ble_radio_notification.c.o
 .debug_info    0x0003110f     0x2bea _build/nrf51822_xxac_LIS2DH12_ACC_driver_HL.c.o
 .debug_info    0x00033cf9     0x25ac _build/nrf51822_xxac_LIS2DH12_ACC_driver.c.o

.debug_abbrev   0x00000000     0x700a
 .debug_abbrev  0x00000000      0x49b _build/nrf51822_xxac_nrf_log_backend_serial.c.o
 .debug_abbrev  0x0000049b      0x3e9 _build/nrf51822_xxac_nrf_log_frontend.c.o
 .debug_abbrev  0x00000884      0x235 _build/nrf51822_xxac_app_error.c.o
 .debug_abbrev  0x00000ab9      0x244 _build/nrf51822_xxac_app_error_weak.c.o
 .debug_abbrev  0x00000cfd      0x4c8 _build/nrf51822_xxac_app_timer.c.o
 .debug_abbrev  0x000011c5      0x319 _build/nrf51822_xxac_app_util_platform.c.o
 .debug_abbrev  0x000014de      0x209 _build/nrf51822_xxac_sdk_mapped_flags.c.o
 .debug_abbrev  0x000016e7      0x3a9 _build/nrf51822_xxac_boards.c.o
 .debug_abbrev  0x00001a90      0x536 _build/nrf51822_xxac_nrf_drv_clock.c.o
 .debug_abbrev  0x00001fc6      0x28b _build/nrf51822_xxac_nrf_drv_common.c.o
 .debug_abbrev  0x00002251      0x51c _build/nrf51822_xxac_nrf_drv_gpiote.c.o
 .debug_abbrev  0x0000276d      0x42b _build/nrf51822_xxac_nrf_drv_spi.c.o
 .debug_abbrev  0x00002b98      0x458 _build/nrf51822_xxac_nrf_drv_uart.c.o
 .debug_abbrev  0x00002ff0      0x3ce _build/nrf51822_xxac_bsp.c.o
 .debug_abbrev  0x000033be      0x374 _build/nrf51822_xxac_bsp_btn_ble.c.o
 .debug_abbrev  0x00003732      0x48c _build/nrf51822_xxac_fstorage.c.o
 .debug_abbrev  0x00003bbe      0x2e5 _build/nrf51822_xxac_main.c.o
 .debug_abbrev  0x00003ea3      0x2a0 _build/nrf51822_xxac_accelerometer_app.c.o
 .debug_abbrev  0x00004143      0x47e _build/nrf51822_xxac_ble_app.c.o
 .debug_abbrev  0x000045c1      0x3f9 _build/nrf51822_xxac_ble_custom_service.c.o
 .debug_abbrev  0x000049ba      0x3ec _build/nrf51822_xxac_ble_advdata.c.o
 .debug_abbrev  0x00004da6      0x4db _build/nrf51822_xxac_ble_advertising.c.o
 .debug_abbrev  0x00005281      0x2a5 _build/nrf51822_xxac_nrf_ble_gatt.c.o
 .debug_abbrev  0x00005526      0x473 _build/nrf51822_xxac_ble_conn_params.c.o
 .debug_abbrev  0x00005999      0x412 _build/nrf51822_xxac_ble_conn_state.c.o
 .debug_abbrev  0x00005dab      0x324 _build/nrf51822_xxac_ble_srv_common.c.o